Microchip MPLAB XC8 Compiler V2.45

Linker command line:

-W-3 \
  --edf=C:\Program Files\Microchip\xc8\v2.45\pic\dat\20230818022343_en.msgs \
  -cn -h+dist/default/production\Master.X.production.sym \
  --cmf=dist/default/production\Master.X.production.cmf -z -Q18F4620 \
  -oC:\Users\dell\AppData\Local\Temp\xcAsc4g.\driver_tmp_3.o \
  --defsym=__MPLAB_BUILD=1 --fixupoverflow=error \
  -Mdist/default/production/Master.X.production.map \
  --md=C:\Users\dell\AppData\Local\Temp\xcAsc4g.\driver_tmp_0.dat -E1 \
  -ver=XC8 Compiler --acfsm=1493 -ACODE=00h-0FFFFh -ACONST=00h-0FFFFh \
  -ASMALLCONST=01000h-010FFhx240 -AMEDIUMCONST=01000h-0FFFFh \
  -ACOMRAM=01h-07Fh -AABS1=00h-0F7Fh -ABIGRAM=01h-0F7Fh \
  -ARAM=080h-0FFh,0100h-01FFhx14,0F00h-0F7Fh -ABANK0=080h-0FFh \
  -ABANK1=0100h-01FFh -ABANK2=0200h-02FFh -ABANK3=0300h-03FFh \
  -ABANK4=0400h-04FFh -ABANK5=0500h-05FFh -ABANK6=0600h-06FFh \
  -ABANK7=0700h-07FFh -ABANK8=0800h-08FFh -ABANK9=0900h-09FFh \
  -ABANK10=0A00h-0AFFh -ABANK11=0B00h-0BFFh -ABANK12=0C00h-0CFFh \
  -ABANK13=0D00h-0DFFh -ABANK14=0E00h-0EFFh -ABANK15=0F00h-0F7Fh \
  -ASFR=0F80h-0FFFh -ABIGSFR=0F80h-0FFFh -ACONFIG=0300000h-030000Dh \
  -AIDLOC=0200000h-0200007h -AEEDATA=0F00000h-0F003FFh -peeprom_data=EEDATA \
  -preset_vec=00h,intcode=08h,intcodelo,powerup,init -pramtop=01000h \
  -psmallconst=SMALLCONST -pmediumconst=MEDIUMCONST -pconst=CONST \
  -AFARRAM=00h-00h \
  -prdata=COMRAM,nvrram=COMRAM,nvbit=COMRAM,rbss=COMRAM,rbit=COMRAM \
  -pfarbss=FARRAM,fardata=FARRAM,nvFARRAM=FARRAM \
  -pintsave_regs=BIGRAM,bigbss=BIGRAM,bigdata=BIGRAM -pbss=RAM \
  -pidata=CODE,irdata=CODE,ibigdata=CODE,ifardata=CODE -prparam=COMRAM \
  C:\Users\dell\AppData\Local\Temp\xcAsc4g.\driver_tmp_14.o \
  dist/default/production\Master.X.production.o 

Object code version is 3.11

Machine type is 18F4620



                Name                               Link     Load   Length Selector   Space Scale
C:\Users\dell\AppData\Local\Temp\xcAsc4g.\driver_tmp_14.o
                config                           300000   300000        E        0       4
                init                                  E        E        4        4       0
                reset_vec                             0        0        4        0       0
dist/default/production\Master.X.production.o
                intcode                               8        8        6        4       0
                config                           300000   300000        E        0       4
                temp                                 7E       7E        1        1       1
                mediumconst                        FE86     FE86      17A     7F43       0
                intcode_body                       38BA     38BA        6     1A50       0
                text61                             2ACC     2ACC       B0        4       0
                text60                             1FA0     1FA0      182        4       0
                text59                             353C     353C       4A     1A50       0
                text58                             38C0     38C0        4     1A50       0
                text57                             3686     3686       36     1A50       0
                text56                             183C     183C      216        4       0
                text55                             2A1C     2A1C       B0        4       0
                text54                             360E     360E       40     1A50       0
                text53                             24A4     24A4       FA        4       0
                text52                             28B0     28B0       BC        4       0
                text51                             322A     322A       66        4       0
                text50                             34EE     34EE       4E     1A50       0
                text49                             31C2     31C2       68        4       0
                text48                             34A0     34A0       4E     1A50       0
                text47                             2E04     2E04       8A        4       0
                text46                             382E     382E       22     1A50       0
                text45                             3724     3724       30     1A50       0
                text44                             2674     2674       C4        4       0
                text43                             296C     296C       B0        4       0
                text42                             36F0     36F0       34     1A50       0
                text41                             38C4     38C4        2     1A50       0
                text40                             2B7C     2B7C       AA        4       0
                text39                             1A52     1A52      1EA        4       0
                text38                             35CA     35CA       44     1A50       0
                text37                             364E     364E       38     1A50       0
                text36                             2D6A     2D6A       9A        4       0
                text35                             377A     377A       26     1A50       0
                text34                             27F4     27F4       BC        4       0
                text33                             3850     3850       1E     1A50       0
                text32                             228C     228C      112        4       0
                text31                             380C     380C       22     1A50       0
                text30                             3754     3754       26     1A50       0
                text29                             3010     3010       74        4       0
                text28                              FE2      FE2      4C0        4       0
                text27                             14A2     14A2      39A        4       0
                text26                             239E     239E      106        4       0
                text25                             1C3C     1C3C      1B4        4       0
                text24                             259E     259E       D6        4       0
                text23                             3888     3888       1A     1A50       0
                text22                             2122     2122      16A        4       0
                text21                             2E8E     2E8E       86        4       0
                text20                             1DF0     1DF0      1B0        4       0
                text19                             2CCE     2CCE       9C        4       0
                text18                              AF2      AF2      4F0        4       0
                text17                             315A     315A       68        4       0
                text16                             30F2     30F2       68        4       0
                text15                             32F2     32F2       62        4       0
                text14                             36BC     36BC       34     1A50       0
                text13                             386E     386E       1A     1A50       0
                text12                             3586     3586       44     1A50       0
                text11                             33AA     33AA       54        4       0
                text10                             37E8     37E8       24     1A50       0
                text9                              37C4     37C4       24     1A50       0
                text8                              3354     3354       56        4       0
                text7                              2C26     2C26       A8        4       0
                text6                              33FE     33FE       52        4       0
                text5                              37A0     37A0       24     1A50       0
                text4                              3290     3290       62        4       0
                text3                              2738     2738       BC        4       0
                text2                              2F92     2F92       7E        4       0
                text1                              2F14     2F14       7E        4       0
                text0                                12       12      AE0        4       0
                cstackCOMRAM                          1        1       4F        1       1
                bssBANK1                            100      100       20      100       1
                dataBANK0                            80       80       4F       80       1
                bssBANK0                             CF       CF       31       80       1
                dataCOMRAM                           50       50       18        1       1
                bssCOMRAM                            68       68       16        1       1
                cinit                              3084     3084       6E        4       0
                idataBANK0                         3450     3450       4F        4       0
                idataCOMRAM                        38A2     38A2       18     1A50       0

TOTAL           Name                               Link     Load   Length     Space
        CLASS   CODE           
                intcode                               8        8        6         0
                init                                  E        E        4         0
                reset_vec                             0        0        4         0
                intcode_body                       38BA     38BA        6         0
                text61                             2ACC     2ACC       B0         0
                text60                             1FA0     1FA0      182         0
                text59                             353C     353C       4A         0
                text58                             38C0     38C0        4         0
                text57                             3686     3686       36         0
                text56                             183C     183C      216         0
                text55                             2A1C     2A1C       B0         0
                text54                             360E     360E       40         0
                text53                             24A4     24A4       FA         0
                text52                             28B0     28B0       BC         0
                text51                             322A     322A       66         0
                text50                             34EE     34EE       4E         0
                text49                             31C2     31C2       68         0
                text48                             34A0     34A0       4E         0
                text47                             2E04     2E04       8A         0
                text46                             382E     382E       22         0
                text45                             3724     3724       30         0
                text44                             2674     2674       C4         0
                text43                             296C     296C       B0         0
                text42                             36F0     36F0       34         0
                text41                             38C4     38C4        2         0
                text40                             2B7C     2B7C       AA         0
                text39                             1A52     1A52      1EA         0
                text38                             35CA     35CA       44         0
                text37                             364E     364E       38         0
                text36                             2D6A     2D6A       9A         0
                text35                             377A     377A       26         0
                text34                             27F4     27F4       BC         0
                text33                             3850     3850       1E         0
                text32                             228C     228C      112         0
                text31                             380C     380C       22         0
                text30                             3754     3754       26         0
                text29                             3010     3010       74         0
                text28                              FE2      FE2      4C0         0
                text27                             14A2     14A2      39A         0
                text26                             239E     239E      106         0
                text25                             1C3C     1C3C      1B4         0
                text24                             259E     259E       D6         0
                text23                             3888     3888       1A         0
                text22                             2122     2122      16A         0
                text21                             2E8E     2E8E       86         0
                text20                             1DF0     1DF0      1B0         0
                text19                             2CCE     2CCE       9C         0
                text18                              AF2      AF2      4F0         0
                text17                             315A     315A       68         0
                text16                             30F2     30F2       68         0
                text15                             32F2     32F2       62         0
                text14                             36BC     36BC       34         0
                text13                             386E     386E       1A         0
                text12                             3586     3586       44         0
                text11                             33AA     33AA       54         0
                text10                             37E8     37E8       24         0
                text9                              37C4     37C4       24         0
                text8                              3354     3354       56         0
                text7                              2C26     2C26       A8         0
                text6                              33FE     33FE       52         0
                text5                              37A0     37A0       24         0
                text4                              3290     3290       62         0
                text3                              2738     2738       BC         0
                text2                              2F92     2F92       7E         0
                text1                              2F14     2F14       7E         0
                text0                                12       12      AE0         0
                cinit                              3084     3084       6E         0
                idataBANK0                         3450     3450       4F         0
                idataCOMRAM                        38A2     38A2       18         0

        CLASS   CONST          

        CLASS   SMALLCONST     

        CLASS   MEDIUMCONST    
                mediumconst                        FE86     FE86      17A         0

        CLASS   COMRAM         
                temp                                 7E       7E        1         1
                cstackCOMRAM                          1        1       4F         1
                dataCOMRAM                           50       50       18         1
                bssCOMRAM                            68       68       16         1

        CLASS   ABS1           

        CLASS   BIGRAM         

        CLASS   RAM            

        CLASS   BANK0          
                dataBANK0                            80       80       4F         1
                bssBANK0                             CF       CF       31         1

        CLASS   BANK1          
                bssBANK1                            100      100       20         1

        CLASS   BANK2          

        CLASS   BANK3          

        CLASS   BANK4          

        CLASS   BANK5          

        CLASS   BANK6          

        CLASS   BANK7          

        CLASS   BANK8          

        CLASS   BANK9          

        CLASS   BANK10         

        CLASS   BANK11         

        CLASS   BANK12         

        CLASS   BANK13         

        CLASS   BANK14         

        CLASS   BANK15         

        CLASS   SFR            

        CLASS   BIGSFR         

        CLASS   CONFIG         
                config                           300000   300000        E         4

        CLASS   IDLOC          

        CLASS   EEDATA         

        CLASS   FARRAM         

        CLASS   HEAP           

        CLASS   STACK          



SEGMENTS        Name                           Load    Length   Top    Selector   Space  Class

                reset_vec                      000000  000004  000004         0       0  CODE    
                cstackCOMRAM                   000001  00007E  00007F         1       1  COMRAM  
                intcode                        000008  003497  00349F         4       0  CODE    
                dataBANK0                      000080  000080  000100        80       1  BANK0   
                bssBANK1                       000100  000020  000120       100       1  BANK1   
                text48                         0034A0  000426  0038C6      1A50       0  CODE    
                mediumconst                    00FE86  00017A  010000      7F43       0  MEDIUMCO


UNUSED ADDRESS RANGES

        Name                Unused          Largest block    Delta
        BANK1            000120-0001FF               E0
        BANK10           000A00-000AFF              100
        BANK11           000B00-000BFF              100
        BANK12           000C00-000CFF              100
        BANK13           000D00-000DFF              100
        BANK14           000E00-000EFF              100
        BANK15           000F00-000F7F               80
        BANK2            000200-0002FF              100
        BANK3            000300-0003FF              100
        BANK4            000400-0004FF              100
        BANK5            000500-0005FF              100
        BANK6            000600-0006FF              100
        BANK7            000700-0007FF              100
        BANK8            000800-0008FF              100
        BANK9            000900-0009FF              100
        BIGRAM           00007F-00007F                1
                         000120-000F7F              E60
        BIGSFR           000F80-000FFF               80
        CODE             000004-000007                4
                         00349F-00349F                1
                         0038C6-00FE85             C5C0
        COMRAM           00007F-00007F                1
        CONST            000004-000007                4
                         00349F-00349F                1
                         0038C6-00FE85             C5C0
        EEDATA           F00000-F003FF              400
        IDLOC            200000-200007                8
        MEDIUMCONST      00349F-00349F                1
                         0038C6-00FE85             C5C0
        RAM              000120-000F7F              100
        SFR              000F80-000FFF               80
        SMALLCONST       00349F-00349F                1
                         0038C6-00FE85              100

                                  Symbol Table

?_ADC_u16GetConversion                         cstackCOMRAM 00000C
?_ADC_u16GetConversionResult                   cstackCOMRAM 000001
?_APP_Get_Number                               cstackCOMRAM 000042
?___awdiv                                      cstackCOMRAM 000001
?___awmod                                      cstackCOMRAM 000001
?___fladd                                      cstackCOMRAM 000028
?___fldiv                                      cstackCOMRAM 00000F
?___fltol                                      cstackCOMRAM 000038
?___wmul                                       cstackCOMRAM 000001
?___xxtofl                                     cstackCOMRAM 000001
?_abs                                          cstackCOMRAM 000007
?_sprintf                                      cstackCOMRAM 00001E
?_vfprintf                                     cstackCOMRAM 000018
ADC_ChannelConfig@channel                      cstackCOMRAM 00000B
ADC_ConversionResultConfig@Copy_stADC          cstackCOMRAM 000001
ADC_VoltageRefConfig@Copy_stADC                cstackCOMRAM 000001
ADC_u16GetConversion@Copy_stADC                cstackCOMRAM 00000C
ADC_u16GetConversion@channel                   cstackCOMRAM 00000D
ADC_u16GetConversion@result                    cstackCOMRAM 00000E
ADC_u16GetConversionResult@Copy_stADC          cstackCOMRAM 000001
ADC_voidADCInit@Copy_stADC                     cstackCOMRAM 00000C
ADC_voidStatrtConversion@Copy_stADC            cstackCOMRAM 000001
APP_CheckLights@Adc_result                     cstackCOMRAM 000011
APP_CheckLights@MyData                         cstackCOMRAM 000010
APP_Get_Number@counter_KEY                     cstackCOMRAM 000047
APP_Get_Number@number                          cstackCOMRAM 000048
APP_Get_Number@pressed                         cstackCOMRAM 00004A
APP_Get_Number@x                               cstackCOMRAM 000046
APP_Get_Number@y                               cstackCOMRAM 000042
App_SetTemperature@RequiredTemp                cstackCOMRAM 00004D
BaudRateConfig@Copy_stUsart                    cstackCOMRAM 000042
BaudRateConfig@Local_f32BaudRateTemp           cstackCOMRAM 000045
CCP_u16CaptureReadValue@F2628                  bssCOMRAM    000070
CCP_voidCompareSetValue@F2635                  bssCOMRAM    00006E
EEPROM_u8Read@Copy_u16Address                  cstackCOMRAM 000001
EEPROM_voidWrite@Copy_u16Address               cstackCOMRAM 000001
EEPROM_voidWrite@Copy_u8Data                   cstackCOMRAM 000003
EEPROM_voidWrite@Local_u8GlobalInterruptStatus cstackCOMRAM 000004
GPIO_VoidSetPinDirection@Copy_u8Direction      cstackCOMRAM 000002
GPIO_VoidSetPinDirection@Copy_u8Pin            cstackCOMRAM 000001
GPIO_VoidSetPinDirection@Copy_u8Port           cstackCOMRAM 000008
GPIO_VoidSetPinMode@Copy_u8Mode                cstackCOMRAM 000002
GPIO_VoidSetPinMode@Copy_u8Pin                 cstackCOMRAM 000001
GPIO_VoidSetPinMode@Copy_u8Port                cstackCOMRAM 000008
GPIO_u8ReadPin@Copy_u8Pin                      cstackCOMRAM 000001
GPIO_u8ReadPin@Copy_u8Port                     cstackCOMRAM 000006
GPIO_u8ReadPin@Localu8Returned                 cstackCOMRAM 000007
I2C_MasterMode_CFG@Copy_stI2C                  cstackCOMRAM 000042
I2C_SendStuct@MyData                           cstackCOMRAM 000004
I2C_SendStuct@SizeOfStruct                     cstackCOMRAM 000008
I2C_SendStuct@i                                cstackCOMRAM 000009
I2C_SendStuct@ptr                              cstackCOMRAM 000007
I2C_SlaveMode_CFG@Copy_stI2C                   cstackCOMRAM 000001
I2C_u8ReadByteBlocking@Copy_stI2C              cstackCOMRAM 000001
I2C_u8ReadByteBlocking@Copy_u8Ack              cstackCOMRAM 000002
I2C_u8ReadByteBlocking@Local_u8Return          cstackCOMRAM 000003
I2C_u8ReadRegByte@Copy_stI2C                   cstackCOMRAM 000004
I2C_u8ReadRegByte@Copy_u8Byte_Address          cstackCOMRAM 000006
I2C_u8ReadRegByte@Copy_u8I2C_Address           cstackCOMRAM 000005
I2C_u8ReadRegByte@returnedData                 cstackCOMRAM 000007
I2C_u8WriteByteBlocking@Copy_stI2C             cstackCOMRAM 000001
I2C_u8WriteByteBlocking@Copy_u8Data            cstackCOMRAM 000002
I2C_u8WriteByteBlocking@Local_u8Return         cstackCOMRAM 000003
I2C_voidI2CInit@Copy_stI2C                     cstackCOMRAM 000045
I2C_voidSendRebeatStartCond@Copy_stI2C         cstackCOMRAM 000001
I2C_voidSendStartCond@Copy_stI2C               cstackCOMRAM 000001
I2C_voidSendStopCond@Copy_stI2C                cstackCOMRAM 000001
KEYPAD_u8KeyPadPressed@Copy_stKeyPad           cstackCOMRAM 000009
KEYPAD_u8KeyPadPressed@Local_u8GPIOReturned    cstackCOMRAM 00000C
KEYPAD_u8KeyPadPressed@Local_u8KeypadPressed   cstackCOMRAM 00000B
KEYPAD_u8KeyPadPressed@i                       cstackCOMRAM 00000E
KEYPAD_u8KeyPadPressed@j                       cstackCOMRAM 00000F
KEYPAD_u8KeyPadPressed@q                       cstackCOMRAM 00000D
KEYPAD_voidKeyPadInt@Copy_stKeyPad             cstackCOMRAM 000009
KEYPAD_voidKeyPadInt@i                         cstackCOMRAM 00000A
KEYPAD_voidKeyPadInt@i_958                     cstackCOMRAM 00000B
LCD4Bit_voidLCD_Init@Copy_stLCD4Bit            cstackCOMRAM 00000D
LCD4Bit_voidSendChar@Copy_stLCD4Bit            cstackCOMRAM 00000B
LCD4Bit_voidSendChar@Copy_u8Char               cstackCOMRAM 00000C
LCD4Bit_voidSendChar_Pos@Copy_stLCD4Bit        cstackCOMRAM 000012
LCD4Bit_voidSendChar_Pos@Copy_u8Char           cstackCOMRAM 000015
LCD4Bit_voidSendChar_Pos@Copy_u8Column         cstackCOMRAM 000014
LCD4Bit_voidSendChar_Pos@Copy_u8Row            cstackCOMRAM 000013
LCD4Bit_voidSendCommand@Copy_stLCD4Bit         cstackCOMRAM 00000B
LCD4Bit_voidSendCommand@Copy_u8Command         cstackCOMRAM 00000C
LCD4Bit_voidSendNumber@Copy_stLCD4Bit          cstackCOMRAM 000030
LCD4Bit_voidSendNumber@Copy_u16Number          cstackCOMRAM 000031
LCD4Bit_voidSendNumber@Copy_u8Column           cstackCOMRAM 000034
LCD4Bit_voidSendNumber@Copy_u8Row              cstackCOMRAM 000033
LCD4Bit_voidSendNumber@Number                  cstackCOMRAM 00003B
LCD4Bit_voidSendNumber@Number2                 cstackCOMRAM 000035
LCD4Bit_voidSendNumber@i                       cstackCOMRAM 000041
LCD4Bit_voidSendString@Copy_Pu8Str             cstackCOMRAM 00000E
LCD4Bit_voidSendString@Copy_stLCD4Bit          cstackCOMRAM 00000D
LCD4Bit_voidSendString_Pos@Copy_Pu8Str         cstackCOMRAM 000015
LCD4Bit_voidSendString_Pos@Copy_stLCD4Bit      cstackCOMRAM 000012
LCD4Bit_voidSendString_Pos@Copy_u8Column       cstackCOMRAM 000014
LCD4Bit_voidSendString_Pos@Copy_u8Row          cstackCOMRAM 000013
LCD_ChoisePrint@User_choise                    cstackCOMRAM 00004B
LCD_voidSend4bit@Copy_stLCD4Bit                cstackCOMRAM 000009
LCD_voidSend4bit@Copy_u8Command_Data           cstackCOMRAM 00000A
LCD_voidSendEnable_4Bit@Copy_stLCD4Bit         cstackCOMRAM 000009
LCD_voidSetCursorPos_4Bit@Copy_stLCD4Bit       cstackCOMRAM 00000D
LCD_voidSetCursorPos_4Bit@Copy_u8Column        cstackCOMRAM 00000F
LCD_voidSetCursorPos_4Bit@Copy_u8Row           cstackCOMRAM 00000E
LED_voidLedInt@Copy_stLed                      cstackCOMRAM 000009
LED_voidLedOff@Copy_stLed                      cstackCOMRAM 000009
LED_voidLedOn@Copy_stLed                       cstackCOMRAM 000009
Tx_config@Copy_stUsart                         cstackCOMRAM 000001
USART_voidAsynchUsartInit@Copy_stUsart         cstackCOMRAM 00004D
_ACK_STATUS                                    dataCOMRAM   000054
_ADC                                           dataBANK0    0000CB
_ADCON0bits                                    (abs)        000FC2
_ADCON1bits                                    (abs)        000FC1
_ADCON2bits                                    (abs)        000FC0
_ADC_ChannelConfig                             text60       001FA0
_ADC_ConversionResultConfig                    text31       00380C
_ADC_VoltageRefConfig                          text30       003754
_ADC_u16GetConversion                          text57       003686
_ADC_u16GetConversionResult                    text59       00353C
_ADC_voidADCInit                               text29       003010
_ADC_voidStatrtConversion                      text58       0038C0
_ADRESH                                        (abs)        000FC4
_ADRESL                                        (abs)        000FC3
_APP_CheckLights                               text56       00183C
_APP_Get_Number                                text34       0027F4
_App_SetTemperature                            text32       00228C
_Application_Init                              text14       0036BC
_Au8elements                                   dataBANK0    000080
_BAUDCONbits                                   (abs)        000FB8
_BaudRateConfig                                text18       000AF2
_BaudRateConfig$4564                           cstackCOMRAM 000049
_CCP1CONbits                                   (abs)        000FBD
_CCP1_InterruptHandeler                        bssBANK0     0000FB
_CCP2CONbits                                   (abs)        000FBA
_CCP2_InterruptHandeler                        bssBANK0     0000F9
_CCPR1L                                        (abs)        000FBE
_CCPR2L                                        (abs)        000FBB
_Counter_Try                                   bssCOMRAM    00007D
_DC_MotorCCP                                   dataBANK0    0000BE
_Data                                          dataCOMRAM   000061
_EEADR                                         (abs)        000FA9
_EEADRH                                        (abs)        000FAA
_EECON1bits                                    (abs)        000FA6
_EECON2                                        (abs)        000FA7
_EEDATA                                        (abs)        000FA8
_EEPROM_u8Read                                 text13       00386E
_EEPROM_voidWrite                              text12       003586
_GLOP_u16Timer3Preload                         bssCOMRAM    000068
_GLOP_u8Timer2Preload                          bssCOMRAM    000077
_GPIO_VoidSetPinDirection                      text61       002ACC
_GPIO_VoidSetPinMode                           text55       002A1C
_GPIO_u8ReadPin                                text54       00360E
_I2C_MasterMode_CFG                            text24       00259E
_I2C_SendStuct                                 text7        002C26
_I2C_SlaveMode_CFG                             text23       003888
_I2C_u8ReadByteBlocking                        text6        0033FE
_I2C_u8ReadRegByte                             text4        003290
_I2C_u8WriteByteBlocking                       text11       0033AA
_I2C_voidI2CInit                               text22       002122
_I2C_voidSendRebeatStartCond                   text5        0037A0
_I2C_voidSendStartCond                         text10       0037E8
_I2C_voidSendStopCond                          text9        0037C4
_ID_STATUS                                     bssCOMRAM    00007C
_INTCONbits                                    (abs)        000FF2
_IdleI2C                                       text8        003354
_InterruptManger                               intcode      000008
_KEYPAD_u8KeyPadPressed                        text53       0024A4
_KEYPAD_voidKeyPadInt                          text21       002E8E
_KeyPadNumber                                  bssCOMRAM    000074
_KeyPad_1                                      dataBANK0    0000AE
_LATA                                          (abs)        000F89
_LATB                                          (abs)        000F8A
_LATC                                          (abs)        000F8B
_LATD                                          (abs)        000F8C
_LATE                                          (abs)        000F8D
_LCD4Bit_voidLCD_Init                          text20       001DF0
_LCD4Bit_voidSendChar                          text50       0034EE
_LCD4Bit_voidSendChar_Pos                      text33       003850
_LCD4Bit_voidSendCommand                       text48       0034A0
_LCD4Bit_voidSendNumber                        text36       002D6A
_LCD4Bit_voidSendString                        text49       0031C2
_LCD4Bit_voidSendString_Pos                    text46       00382E
_LCD_1                                         dataCOMRAM   000055
_LCD_ChoisePrint                               text3        002738
_LCD_voidSend4bit                              text52       0028B0
_LCD_voidSendEnable_4Bit                       text51       00322A
_LCD_voidSetCursorPos_4Bit                     text47       002E04
_LED_LOCK                                      dataCOMRAM   000065
_LED_voidLedInt                                text19       002CCE
_LED_voidLedOff                                text2        002F92
_LED_voidLedOn                                 text1        002F14
_OSCCONbits                                    (abs)        000FD3
_PASSWORD_STATUS                               bssCOMRAM    00007B
_PIE1bits                                      (abs)        000F9D
_PIE2bits                                      (abs)        000FA0
_PIR1bits                                      (abs)        000F9E
_PIR2bits                                      (abs)        000FA1
_PORTA                                         (abs)        000F80
_PORTB                                         (abs)        000F81
_PORTC                                         (abs)        000F82
_PORTD                                         (abs)        000F83
_PORTE                                         (abs)        000F84
_PR2                                           (abs)        000FCB
_PreloadVlaue                                  bssCOMRAM    00006A
_RB4_flag                                      dataCOMRAM   000053
_RB5_flag                                      dataCOMRAM   000052
_RB6_flag                                      dataCOMRAM   000051
_RB7_flag                                      dataCOMRAM   000050
_RCONbits                                      (abs)        000FD0
_RCREG                                         (abs)        000FAE
_RCSTAbits                                     (abs)        000FAB
_SPBRG                                         (abs)        000FAF
_SPBRGH                                        (abs)        000FB0
_SPI_INTERRUPT_HANDELER                        bssBANK0     0000F7
_SSPADD                                        (abs)        000FC8
_SSPBUF                                        (abs)        000FC9
_SSPCON1bits                                   (abs)        000FC6
_SSPCON2bits                                   (abs)        000FC5
_SSPSTATbits                                   (abs)        000FC7
_Set_Password                                  bssCOMRAM    000072
_T0CONbits                                     (abs)        000FD5
_T1CONbits                                     (abs)        000FCD
_T2CONbits                                     (abs)        000FCA
_T3CONbits                                     (abs)        000FB1
_TIMER0_InterruptHandeler                      bssBANK0     0000F5
_TMR0H                                         (abs)        000FD7
_TMR0L                                         (abs)        000FD6
_TMR1H                                         (abs)        000FCF
_TMR1L                                         (abs)        000FCE
_TMR2                                          (abs)        000FCC
_TMR3H                                         (abs)        000FB3
_TMR3L                                         (abs)        000FB2
_TRISA                                         (abs)        000F92
_TRISB                                         (abs)        000F93
_TRISC                                         (abs)        000F94
_TRISCbits                                     (abs)        000F94
_TRISD                                         (abs)        000F95
_TRISE                                         (abs)        000F96
_TXREG                                         (abs)        000FAD
_TXSTAbits                                     (abs)        000FAC
_Timer1InterruptHandeler                       bssBANK0     0000F3
_Timer2InterruptHandeler                       bssBANK0     0000F1
_Timer3InterruptHandeler                       bssBANK0     0000EF
_Tx_config                                     text17       00315A
_USART_voidAsynchUsartInit                     text15       0032F2
_User                                          bssCOMRAM    00007A
_WDTCONbits                                    (abs)        000FD1
__HRAM                                         (abs)        000000
__H__absolute__                                __absolute__ 000000
__Habs1                                        abs1         000000
__Hbank0                                       bank0        000000
__Hbank1                                       bank1        000000
__Hbank10                                      bank10       000000
__Hbank11                                      bank11       000000
__Hbank12                                      bank12       000000
__Hbank13                                      bank13       000000
__Hbank14                                      bank14       000000
__Hbank15                                      bank15       000000
__Hbank2                                       bank2        000000
__Hbank3                                       bank3        000000
__Hbank4                                       bank4        000000
__Hbank5                                       bank5        000000
__Hbank6                                       bank6        000000
__Hbank7                                       bank7        000000
__Hbank8                                       bank8        000000
__Hbank9                                       bank9        000000
__Hbigbss                                      bigbss       000000
__Hbigdata                                     bigdata      000000
__Hbigram                                      bigram       000000
__Hbigsfr                                      bigsfr       000000
__Hbss                                         bss          000000
__HbssBANK0                                    bssBANK0     000000
__HbssBANK1                                    bssBANK1     000000
__HbssCOMRAM                                   bssCOMRAM    000000
__Hcinit                                       cinit        000000
__Hclrtext                                     clrtext      000000
__Hcomram                                      comram       000000
__Hconfig                                      config       30000E
__Hconst                                       const        000000
__HcstackCOMRAM                                cstackCOMRAM 000000
__Hdata                                        data         000000
__HdataBANK0                                   dataBANK0    000000
__HdataCOMRAM                                  dataCOMRAM   000000
__Heeprom_data                                 eeprom_data  000000
__Hfarbss                                      farbss       000000
__Hfardata                                     fardata      000000
__Hheap                                        heap         000000
__Hibigdata                                    ibigdata     000000
__Hidata                                       idata        000000
__HidataBANK0                                  idataBANK0   000000
__HidataCOMRAM                                 idataCOMRAM  000000
__Hidloc                                       idloc        000000
__Hifardata                                    ifardata     000000
__Hinit                                        init         000012
__Hintcode                                     intcode      00000E
__Hintcode_body                                intcode_body 000000
__Hintcodelo                                   intcodelo    00000E
__Hintentry                                    intentry     000000
__Hintret                                      intret       000000
__Hintsave_regs                                intsave_regs 000000
__Hirdata                                      irdata       000000
__Hmediumconst                                 mediumconst  010000
__HnvFARRAM                                    nvFARRAM     000000
__Hnvbit                                       nvbit        000000
__Hnvrram                                      nvrram       000000
__Hparam                                       rparam       000000
__Hpowerup                                     powerup      00000E
__Hram                                         ram          000000
__Hramtop                                      ramtop       001000
__Hrbit                                        rbit         000000
__Hrbss                                        rbss         000000
__Hrdata                                       rdata        000000
__Hreset_vec                                   reset_vec    000004
__Hrparam                                      rparam       000000
__Hsfr                                         sfr          000000
__Hsmallconst                                  smallconst   000000
__Hspace_0                                     (abs)        010000
__Hspace_1                                     (abs)        000120
__Hspace_2                                     (abs)        000000
__Hspace_4                                     (abs)        60000E
__Hstack                                       stack        000000
__Hstruct                                      struct       000000
__Htemp                                        temp         00007F
__Htext                                        text         000000
__Htext0                                       text0        000000
__Htext1                                       text1        000000
__Htext10                                      text10       000000
__Htext11                                      text11       000000
__Htext12                                      text12       000000
__Htext13                                      text13       000000
__Htext14                                      text14       000000
__Htext15                                      text15       000000
__Htext16                                      text16       000000
__Htext17                                      text17       000000
__Htext18                                      text18       000000
__Htext19                                      text19       000000
__Htext2                                       text2        000000
__Htext20                                      text20       000000
__Htext21                                      text21       000000
__Htext22                                      text22       000000
__Htext23                                      text23       000000
__Htext24                                      text24       000000
__Htext25                                      text25       000000
__Htext26                                      text26       000000
__Htext27                                      text27       000000
__Htext28                                      text28       000000
__Htext29                                      text29       000000
__Htext3                                       text3        000000
__Htext30                                      text30       000000
__Htext31                                      text31       000000
__Htext32                                      text32       000000
__Htext33                                      text33       000000
__Htext34                                      text34       000000
__Htext35                                      text35       000000
__Htext36                                      text36       000000
__Htext37                                      text37       000000
__Htext38                                      text38       000000
__Htext39                                      text39       000000
__Htext4                                       text4        000000
__Htext40                                      text40       000000
__Htext41                                      text41       000000
__Htext42                                      text42       000000
__Htext43                                      text43       000000
__Htext44                                      text44       000000
__Htext45                                      text45       000000
__Htext46                                      text46       000000
__Htext47                                      text47       000000
__Htext48                                      text48       000000
__Htext49                                      text49       000000
__Htext5                                       text5        000000
__Htext50                                      text50       000000
__Htext51                                      text51       000000
__Htext52                                      text52       000000
__Htext53                                      text53       000000
__Htext54                                      text54       000000
__Htext55                                      text55       000000
__Htext56                                      text56       000000
__Htext57                                      text57       000000
__Htext58                                      text58       000000
__Htext59                                      text59       000000
__Htext6                                       text6        000000
__Htext60                                      text60       000000
__Htext61                                      text61       000000
__Htext7                                       text7        000000
__Htext8                                       text8        000000
__Htext9                                       text9        000000
__LRAM                                         (abs)        000001
__L__absolute__                                __absolute__ 000000
__Labs1                                        abs1         000000
__Lbank0                                       bank0        000000
__Lbank1                                       bank1        000000
__Lbank10                                      bank10       000000
__Lbank11                                      bank11       000000
__Lbank12                                      bank12       000000
__Lbank13                                      bank13       000000
__Lbank14                                      bank14       000000
__Lbank15                                      bank15       000000
__Lbank2                                       bank2        000000
__Lbank3                                       bank3        000000
__Lbank4                                       bank4        000000
__Lbank5                                       bank5        000000
__Lbank6                                       bank6        000000
__Lbank7                                       bank7        000000
__Lbank8                                       bank8        000000
__Lbank9                                       bank9        000000
__Lbigbss                                      bigbss       000000
__Lbigdata                                     bigdata      000000
__Lbigram                                      bigram       000000
__Lbigsfr                                      bigsfr       000000
__Lbss                                         bss          000000
__LbssBANK0                                    bssBANK0     000000
__LbssBANK1                                    bssBANK1     000000
__LbssCOMRAM                                   bssCOMRAM    000000
__Lcinit                                       cinit        000000
__Lclrtext                                     clrtext      000000
__Lcomram                                      comram       000000
__Lconfig                                      config       000000
__Lconst                                       const        000000
__LcstackCOMRAM                                cstackCOMRAM 000000
__Ldata                                        data         000000
__LdataBANK0                                   dataBANK0    000000
__LdataCOMRAM                                  dataCOMRAM   000000
__Leeprom_data                                 eeprom_data  000000
__Lfarbss                                      farbss       000000
__Lfardata                                     fardata      000000
__Lheap                                        heap         000000
__Libigdata                                    ibigdata     000000
__Lidata                                       idata        000000
__LidataBANK0                                  idataBANK0   000000
__LidataCOMRAM                                 idataCOMRAM  000000
__Lidloc                                       idloc        000000
__Lifardata                                    ifardata     000000
__Linit                                        init         00000E
__Lintcode                                     intcode      000008
__Lintcode_body                                intcode_body 000000
__Lintcodelo                                   intcodelo    00000E
__Lintentry                                    intentry     000000
__Lintret                                      intret       000000
__Lintsave_regs                                intsave_regs 000000
__Lirdata                                      irdata       000000
__Lmediumconst                                 mediumconst  00FE86
__LnvFARRAM                                    nvFARRAM     000000
__Lnvbit                                       nvbit        000000
__Lnvrram                                      nvrram       000000
__Lparam                                       rparam       000000
__Lpowerup                                     powerup      00000E
__Lram                                         ram          000000
__Lramtop                                      ramtop       001000
__Lrbit                                        rbit         000000
__Lrbss                                        rbss         000000
__Lrdata                                       rdata        000000
__Lreset_vec                                   reset_vec    000000
__Lrparam                                      rparam       000000
__Lsfr                                         sfr          000000
__Lsmallconst                                  smallconst   000000
__Lspace_0                                     (abs)        000000
__Lspace_1                                     (abs)        000000
__Lspace_2                                     (abs)        000000
__Lspace_4                                     (abs)        000000
__Lstack                                       stack        000000
__Lstruct                                      struct       000000
__Ltemp                                        temp         00007E
__Ltext                                        text         000000
__Ltext0                                       text0        000000
__Ltext1                                       text1        000000
__Ltext10                                      text10       000000
__Ltext11                                      text11       000000
__Ltext12                                      text12       000000
__Ltext13                                      text13       000000
__Ltext14                                      text14       000000
__Ltext15                                      text15       000000
__Ltext16                                      text16       000000
__Ltext17                                      text17       000000
__Ltext18                                      text18       000000
__Ltext19                                      text19       000000
__Ltext2                                       text2        000000
__Ltext20                                      text20       000000
__Ltext21                                      text21       000000
__Ltext22                                      text22       000000
__Ltext23                                      text23       000000
__Ltext24                                      text24       000000
__Ltext25                                      text25       000000
__Ltext26                                      text26       000000
__Ltext27                                      text27       000000
__Ltext28                                      text28       000000
__Ltext29                                      text29       000000
__Ltext3                                       text3        000000
__Ltext30                                      text30       000000
__Ltext31                                      text31       000000
__Ltext32                                      text32       000000
__Ltext33                                      text33       000000
__Ltext34                                      text34       000000
__Ltext35                                      text35       000000
__Ltext36                                      text36       000000
__Ltext37                                      text37       000000
__Ltext38                                      text38       000000
__Ltext39                                      text39       000000
__Ltext4                                       text4        000000
__Ltext40                                      text40       000000
__Ltext41                                      text41       000000
__Ltext42                                      text42       000000
__Ltext43                                      text43       000000
__Ltext44                                      text44       000000
__Ltext45                                      text45       000000
__Ltext46                                      text46       000000
__Ltext47                                      text47       000000
__Ltext48                                      text48       000000
__Ltext49                                      text49       000000
__Ltext5                                       text5        000000
__Ltext50                                      text50       000000
__Ltext51                                      text51       000000
__Ltext52                                      text52       000000
__Ltext53                                      text53       000000
__Ltext54                                      text54       000000
__Ltext55                                      text55       000000
__Ltext56                                      text56       000000
__Ltext57                                      text57       000000
__Ltext58                                      text58       000000
__Ltext59                                      text59       000000
__Ltext6                                       text6        000000
__Ltext60                                      text60       000000
__Ltext61                                      text61       000000
__Ltext7                                       text7        000000
__Ltext8                                       text8        000000
__Ltext9                                       text9        000000
__S0                                           (abs)        010000
__S1                                           (abs)        000120
__S4                                           (abs)        000000
__S5                                           (abs)        000000
___awdiv                                       text44       002674
___awdiv@counter                               cstackCOMRAM 000005
___awdiv@dividend                              cstackCOMRAM 000001
___awdiv@divisor                               cstackCOMRAM 000003
___awdiv@quotient                              cstackCOMRAM 000007
___awdiv@sign                                  cstackCOMRAM 000006
___awmod                                       text43       00296C
___awmod@counter                               cstackCOMRAM 000005
___awmod@dividend                              cstackCOMRAM 000001
___awmod@divisor                               cstackCOMRAM 000003
___awmod@sign                                  cstackCOMRAM 000006
___fladd                                       text28       000FE2
___fladd@a                                     cstackCOMRAM 00002C
___fladd@aexp                                  cstackCOMRAM 000035
___fladd@b                                     cstackCOMRAM 000028
___fladd@bexp                                  cstackCOMRAM 000036
___fladd@grs                                   cstackCOMRAM 000037
___fladd@signs                                 cstackCOMRAM 000034
___fldiv                                       text27       0014A2
___fldiv@a                                     cstackCOMRAM 000013
___fldiv@aexp                                  cstackCOMRAM 000027
___fldiv@b                                     cstackCOMRAM 00000F
___fldiv@bexp                                  cstackCOMRAM 000026
___fldiv@grs                                   cstackCOMRAM 000022
___fldiv@new_exp                               cstackCOMRAM 000020
___fldiv@rem                                   cstackCOMRAM 00001B
___fldiv@sign                                  cstackCOMRAM 00001F
___fltol                                       text26       00239E
___fltol@exp1                                  cstackCOMRAM 000041
___fltol@f1                                    cstackCOMRAM 000038
___fltol@sign1                                 cstackCOMRAM 000040
___heap_hi                                     (abs)        000000
___heap_lo                                     (abs)        000000
___inthi_sp                                    stack        000000
___inthi_stack_hi                              stack        000000
___inthi_stack_lo                              stack        000000
___intlo_sp                                    stack        000000
___intlo_stack_hi                              stack        000000
___intlo_stack_lo                              stack        000000
___param_bank                                  (abs)        000000
___rparam_used                                 (abs)        000001
___sp                                          stack        000000
___stack_hi                                    stack        000000
___stack_lo                                    stack        000000
___wmul                                        text35       00377A
___wmul@multiplicand                           cstackCOMRAM 000003
___wmul@multiplier                             cstackCOMRAM 000001
___wmul@product                                cstackCOMRAM 000005
___xxtofl                                      text25       001C3C
___xxtofl@arg                                  cstackCOMRAM 00000B
___xxtofl@exp                                  cstackCOMRAM 00000A
___xxtofl@sign                                 cstackCOMRAM 000009
___xxtofl@val                                  cstackCOMRAM 000001
__accesstop                                    (abs)        000080
__activetblptr                                 (abs)        000003
__end_of_ADC_ChannelConfig                     text60       002122
__end_of_ADC_ConversionResultConfig            text31       00382E
__end_of_ADC_VoltageRefConfig                  text30       00377A
__end_of_ADC_u16GetConversion                  text57       0036BC
__end_of_ADC_u16GetConversionResult            text59       003586
__end_of_ADC_voidADCInit                       text29       003084
__end_of_ADC_voidStatrtConversion              text58       0038C4
__end_of_APP_CheckLights                       text56       001A52
__end_of_APP_Get_Number                        text34       0028B0
__end_of_App_SetTemperature                    text32       00239E
__end_of_Application_Init                      text14       0036F0
__end_of_BaudRateConfig                        text18       000FE2
__end_of_EEPROM_u8Read                         text13       003888
__end_of_EEPROM_voidWrite                      text12       0035CA
__end_of_GPIO_VoidSetPinDirection              text61       002B7C
__end_of_GPIO_VoidSetPinMode                   text55       002ACC
__end_of_GPIO_u8ReadPin                        text54       00364E
__end_of_I2C_MasterMode_CFG                    text24       002674
__end_of_I2C_SendStuct                         text7        002CCE
__end_of_I2C_SlaveMode_CFG                     text23       0038A2
__end_of_I2C_u8ReadByteBlocking                text6        003450
__end_of_I2C_u8ReadRegByte                     text4        0032F2
__end_of_I2C_u8WriteByteBlocking               text11       0033FE
__end_of_I2C_voidI2CInit                       text22       00228C
__end_of_I2C_voidSendRebeatStartCond           text5        0037C4
__end_of_I2C_voidSendStartCond                 text10       00380C
__end_of_I2C_voidSendStopCond                  text9        0037E8
__end_of_IdleI2C                               text8        0033AA
__end_of_InterruptManger                       intcode_body 0038C0
__end_of_KEYPAD_u8KeyPadPressed                text53       00259E
__end_of_KEYPAD_voidKeyPadInt                  text21       002F14
__end_of_LCD4Bit_voidLCD_Init                  text20       001FA0
__end_of_LCD4Bit_voidSendChar                  text50       00353C
__end_of_LCD4Bit_voidSendChar_Pos              text33       00386E
__end_of_LCD4Bit_voidSendCommand               text48       0034EE
__end_of_LCD4Bit_voidSendNumber                text36       002E04
__end_of_LCD4Bit_voidSendString                text49       00322A
__end_of_LCD4Bit_voidSendString_Pos            text46       003850
__end_of_LCD_ChoisePrint                       text3        0027F4
__end_of_LCD_voidSend4bit                      text52       00296C
__end_of_LCD_voidSendEnable_4Bit               text51       003290
__end_of_LCD_voidSetCursorPos_4Bit             text47       002E8E
__end_of_LED_voidLedInt                        text19       002D6A
__end_of_LED_voidLedOff                        text2        003010
__end_of_LED_voidLedOn                         text1        002F92
__end_of_Tx_config                             text17       0031C2
__end_of_USART_voidAsynchUsartInit             text15       003354
__end_of___awdiv                               text44       002738
__end_of___awmod                               text43       002A1C
__end_of___fladd                               text28       0014A2
__end_of___fldiv                               text27       00183C
__end_of___fltol                               text26       0024A4
__end_of___wmul                                text35       0037A0
__end_of___xxtofl                              text25       001DF0
__end_of__initialization                       cinit        0030E8
__end_of_abs                                   text42       003724
__end_of_fputc                                 text40       002C26
__end_of_main                                  text0        000AF2
__end_of_memset                                text45       003754
__end_of_putch                                 text41       0038C6
__end_of_rx_config                             text16       00315A
__end_of_sprintf                               text37       003686
__end_of_vfpfcnvrt                             text39       001C3C
__end_of_vfprintf                              text38       00360E
__initialization                               cinit        003084
__mediumconst                                  mediumconst  00FE86
__pbssBANK0                                    bssBANK0     0000CF
__pbssBANK1                                    bssBANK1     000100
__pbssCOMRAM                                   bssCOMRAM    000068
__pcinit                                       cinit        003084
__pcstackCOMRAM                                cstackCOMRAM 000001
__pdataBANK0                                   dataBANK0    000080
__pdataCOMRAM                                  dataCOMRAM   000050
__pidataBANK0                                  idataBANK0   003450
__pidataCOMRAM                                 idataCOMRAM  0038A2
__pintcode                                     intcode      000008
__pintcode_body                                intcode_body 0038BA
__pmediumconst                                 mediumconst  00FE86
__ptext0                                       text0        000012
__ptext1                                       text1        002F14
__ptext10                                      text10       0037E8
__ptext11                                      text11       0033AA
__ptext12                                      text12       003586
__ptext13                                      text13       00386E
__ptext14                                      text14       0036BC
__ptext15                                      text15       0032F2
__ptext16                                      text16       0030F2
__ptext17                                      text17       00315A
__ptext18                                      text18       000AF2
__ptext19                                      text19       002CCE
__ptext2                                       text2        002F92
__ptext20                                      text20       001DF0
__ptext21                                      text21       002E8E
__ptext22                                      text22       002122
__ptext23                                      text23       003888
__ptext24                                      text24       00259E
__ptext25                                      text25       001C3C
__ptext26                                      text26       00239E
__ptext27                                      text27       0014A2
__ptext28                                      text28       000FE2
__ptext29                                      text29       003010
__ptext3                                       text3        002738
__ptext30                                      text30       003754
__ptext31                                      text31       00380C
__ptext32                                      text32       00228C
__ptext33                                      text33       003850
__ptext34                                      text34       0027F4
__ptext35                                      text35       00377A
__ptext36                                      text36       002D6A
__ptext37                                      text37       00364E
__ptext38                                      text38       0035CA
__ptext39                                      text39       001A52
__ptext4                                       text4        003290
__ptext40                                      text40       002B7C
__ptext41                                      text41       0038C4
__ptext42                                      text42       0036F0
__ptext43                                      text43       00296C
__ptext44                                      text44       002674
__ptext45                                      text45       003724
__ptext46                                      text46       00382E
__ptext47                                      text47       002E04
__ptext48                                      text48       0034A0
__ptext49                                      text49       0031C2
__ptext5                                       text5        0037A0
__ptext50                                      text50       0034EE
__ptext51                                      text51       00322A
__ptext52                                      text52       0028B0
__ptext53                                      text53       0024A4
__ptext54                                      text54       00360E
__ptext55                                      text55       002A1C
__ptext56                                      text56       00183C
__ptext57                                      text57       003686
__ptext58                                      text58       0038C0
__ptext59                                      text59       00353C
__ptext6                                       text6        0033FE
__ptext60                                      text60       001FA0
__ptext61                                      text61       002ACC
__ptext7                                       text7        002C26
__ptext8                                       text8        003354
__ptext9                                       text9        0037C4
__ramtop                                       ramtop       001000
__smallconst                                   smallconst   000000
_abs                                           text42       0036F0
_dbuf                                          bssBANK1     000100
_flag_1                                        bssCOMRAM    000079
_flags                                         bssCOMRAM    000076
_fputc                                         text40       002B7C
_i2c_obj                                       dataCOMRAM   00005C
_lat_registers                                 dataBANK0    00009A
_main                                          text0        000012
_memset                                        text45       003724
_port_registers                                dataBANK0    000090
_prec                                          bssBANK0     0000ED
_preload                                       bssCOMRAM    00006C
_putch                                         text41       0038C4
_rx_config                                     text16       0030F2
_sprintf                                       text37       00364E
_t2                                            bssBANK0     0000FD
_tris_registers                                dataBANK0    0000A4
_uart_TX                                       dataBANK0    0000C5
_uart_flag                                     bssCOMRAM    000078
_vfpfcnvrt                                     text39       001A52
_vfprintf                                      text38       0035CA
_width                                         bssBANK0     0000EB
abs@a                                          cstackCOMRAM 000007
btemp                                          temp         00007E
end_of_initialization                          cinit        0030E8
fputc@c                                        cstackCOMRAM 000001
fputc@fp                                       cstackCOMRAM 000003
int$flags                                      temp         00007E
int_func                                       intcode_body 0038BA
intlevel0                                      text         000000
intlevel1                                      text         000000
intlevel2                                      text         000000
intlevel3                                      text         000000
isa$std                                        (abs)        000001
isa$xinst                                      (abs)        000000
memset@c                                       cstackCOMRAM 000002
memset@dest                                    cstackCOMRAM 000001
memset@n                                       cstackCOMRAM 000004
memset@p                                       cstackCOMRAM 000006
rx_config@Copy_stUsart                         cstackCOMRAM 000001
sprintf@ap                                     cstackCOMRAM 000023
sprintf@f                                      cstackCOMRAM 000024
sprintf@fmt                                    cstackCOMRAM 00001F
sprintf@s                                      cstackCOMRAM 00001E
stackhi                                        (abs)        000000
stacklo                                        (abs)        000000
start                                          init         00000E
start_initialization                           cinit        003084
ttemp5                                         temp         00007F
ttemp6                                         temp         000082
ttemp7                                         temp         000086
vfpfcnvrt@ap                                   cstackCOMRAM 00000D
vfpfcnvrt@c                                    cstackCOMRAM 000017
vfpfcnvrt@convarg                              cstackCOMRAM 000013
vfpfcnvrt@cp                                   cstackCOMRAM 000011
vfpfcnvrt@done                                 cstackCOMRAM 000010
vfpfcnvrt@fmt                                  cstackCOMRAM 00000C
vfpfcnvrt@fp                                   cstackCOMRAM 00000B
vfprintf@ap                                    cstackCOMRAM 00001B
vfprintf@cfmt                                  cstackCOMRAM 00001C
vfprintf@fmt                                   cstackCOMRAM 000019
vfprintf@fp                                    cstackCOMRAM 000018
wtemp8                                         temp         00007F


MODULE INFORMATION

Module		Function		Class		Link	Load	Size
C:\Program Files\Microchip\xc8\v2.45\pic\sources\c99\common\Umul16.c
		___wmul        		CODE           	377A	0000	38

C:\Program Files\Microchip\xc8\v2.45\pic\sources\c99\common\Umul16.c estimated size: 38

MCAL/Interrupt/Interrupt_manger.c
		_InterruptManger		CODE           	0008	0000	12

MCAL/Interrupt/Interrupt_manger.c estimated size: 12

MCAL/USART/USART.c
		_BaudRateConfig		CODE           	0AF2	0000	1264
		_USART_voidAsynchUsartInit		CODE           	32F2	0000	98
		_Tx_config     		CODE           	315A	0000	104
		_rx_config     		CODE           	30F2	0000	104

MCAL/USART/USART.c estimated size: 1570

MCAL/GPIO/GPIO_Program.c
		_GPIO_VoidSetPinMode		CODE           	2A1C	0000	176
		_GPIO_VoidSetPinDirection		CODE           	2ACC	0000	176
		_GPIO_u8ReadPin		CODE           	360E	0000	64

MCAL/GPIO/GPIO_Program.c estimated size: 416

MCAL/EEPROM/EEPROM.c
		_EEPROM_u8Read 		CODE           	386E	0000	26
		_EEPROM_voidWrite		CODE           	3586	0000	68

MCAL/EEPROM/EEPROM.c estimated size: 94

C:\Program Files\Microchip\xc8\v2.45\pic\sources\c99\common\sprcdiv.c
		___fldiv       		CODE           	14A2	0000	922

C:\Program Files\Microchip\xc8\v2.45\pic\sources\c99\common\sprcdiv.c estimated size: 922

C:\Program Files\Microchip\xc8\v2.45\pic\sources\c99\common\nf_sprintf.c
		_sprintf       		CODE           	364E	0000	56

C:\Program Files\Microchip\xc8\v2.45\pic\sources\c99\common\nf_sprintf.c estimated size: 56

MCAL/ADC/ADC.c
		_ADC_voidStatrtConversion		CODE           	38C0	0000	4
		_ADC_u16GetConversionResult		CODE           	353C	0000	74
		_ADC_u16GetConversion		CODE           	3686	0000	54
		_ADC_VoltageRefConfig		CODE           	3754	0000	38
		_ADC_ConversionResultConfig		CODE           	380C	0000	34
		_ADC_ChannelConfig		CODE           	1FA0	0000	386
		_ADC_voidADCInit		CODE           	3010	0000	116

MCAL/ADC/ADC.c estimated size: 706

C:\Program Files\Microchip\xc8\v2.45\pic\sources\c99\common\awmod.c
		___awmod       		CODE           	296C	0000	176

C:\Program Files\Microchip\xc8\v2.45\pic\sources\c99\common\awmod.c estimated size: 176

MCAL/I2C/I2C.c
		_I2C_u8ReadRegByte		CODE           	3290	0000	98
		_I2C_u8ReadByteBlocking		CODE           	33FE	0000	82
		_I2C_voidI2CInit		CODE           	2122	0000	362
		_I2C_voidSendStopCond		CODE           	37C4	0000	36
		_I2C_voidSendRebeatStartCond		CODE           	37A0	0000	36
		_I2C_SlaveMode_CFG		CODE           	3888	0000	26
		_I2C_MasterMode_CFG		CODE           	259E	0000	214
		_I2C_u8WriteByteBlocking		CODE           	33AA	0000	84
		_I2C_voidSendStartCond		CODE           	37E8	0000	36

MCAL/I2C/I2C.c estimated size: 974

HAL/LCD/LCD_program.c
		_LCD4Bit_voidSendChar		CODE           	34EE	0000	78
		_LCD4Bit_voidSendString_Pos		CODE           	382E	0000	34
		_LCD4Bit_voidSendNumber		CODE           	2D6A	0000	154
		_LCD4Bit_voidSendChar_Pos		CODE           	3850	0000	30
		_LCD_voidSend4bit		CODE           	28B0	0000	188
		_LCD_voidSendEnable_4Bit		CODE           	322A	0000	102
		_LCD4Bit_voidLCD_Init		CODE           	1DF0	0000	432
		_LCD4Bit_voidSendCommand		CODE           	34A0	0000	78
		_LCD_voidSetCursorPos_4Bit		CODE           	2E04	0000	138
		_LCD4Bit_voidSendString		CODE           	31C2	0000	104

HAL/LCD/LCD_program.c estimated size: 1338

C:\Program Files\Microchip\xc8\v2.45\pic\sources\c99\common\putch.c
		_putch         		CODE           	38C4	0000	2

C:\Program Files\Microchip\xc8\v2.45\pic\sources\c99\common\putch.c estimated size: 2

shared
		__initialization		CODE           	3084	0000	100

shared estimated size: 100

C:\Program Files\Microchip\xc8\v2.45\pic\sources\c99\common\xxtofl.c
		___xxtofl      		CODE           	1C3C	0000	436

C:\Program Files\Microchip\xc8\v2.45\pic\sources\c99\common\xxtofl.c estimated size: 436

C:\Program Files\Microchip\xc8\v2.45\pic\sources\c99\common\abs.c
		_abs           		CODE           	36F0	0000	52

C:\Program Files\Microchip\xc8\v2.45\pic\sources\c99\common\abs.c estimated size: 52

appliction.c
		_APP_Get_Number		CODE           	27F4	0000	188
		_IdleI2C       		CODE           	3354	0000	86
		_Application_Init		CODE           	36BC	0000	52
		_APP_CheckLights		CODE           	183C	0000	534
		_App_SetTemperature		CODE           	228C	0000	274
		_LCD_ChoisePrint		CODE           	2738	0000	188
		_I2C_SendStuct 		CODE           	2C26	0000	168

appliction.c estimated size: 1490

C:\Program Files\Microchip\xc8\v2.45\pic\sources\c99\common\memset.c
		_memset        		CODE           	3724	0000	48

C:\Program Files\Microchip\xc8\v2.45\pic\sources\c99\common\memset.c estimated size: 48

C:\Program Files\Microchip\xc8\v2.45\pic\sources\c99\common\sprcadd.c
		___fladd       		CODE           	0FE2	0000	1216

C:\Program Files\Microchip\xc8\v2.45\pic\sources\c99\common\sprcadd.c estimated size: 1216

HAL/LED/LED_program.c
		_LED_voidLedOn 		CODE           	2F14	0000	126
		_LED_voidLedOff		CODE           	2F92	0000	126
		_LED_voidLedInt		CODE           	2CCE	0000	156

HAL/LED/LED_program.c estimated size: 408

main.c
		_main          		CODE           	0012	0000	2784

main.c estimated size: 2784

C:\Program Files\Microchip\xc8\v2.45\pic\sources\c99\common\nf_fputc.c
		_fputc         		CODE           	2B7C	0000	170

C:\Program Files\Microchip\xc8\v2.45\pic\sources\c99\common\nf_fputc.c estimated size: 170

C:\Program Files\Microchip\xc8\v2.45\pic\sources\c99\common\doprnt.c
		_vfpfcnvrt     		CODE           	1A52	0000	490
		_vfprintf      		CODE           	35CA	0000	68

C:\Program Files\Microchip\xc8\v2.45\pic\sources\c99\common\doprnt.c estimated size: 558

C:\Program Files\Microchip\xc8\v2.45\pic\sources\c99\common\awdiv.c
		___awdiv       		CODE           	2674	0000	196

C:\Program Files\Microchip\xc8\v2.45\pic\sources\c99\common\awdiv.c estimated size: 196

C:\Program Files\Microchip\xc8\v2.45\pic\sources\c99\common\fltol.c
		___fltol       		CODE           	239E	0000	262

C:\Program Files\Microchip\xc8\v2.45\pic\sources\c99\common\fltol.c estimated size: 262

HAL/KeyPad/KEYPAD_program.c
		_KEYPAD_voidKeyPadInt		CODE           	2E8E	0000	134
		_KEYPAD_u8KeyPadPressed		CODE           	24A4	0000	250

HAL/KeyPad/KEYPAD_program.c estimated size: 384

