Microchip MPLAB XC8 Compiler V2.45

Linker command line:

-W-3 \
  --edf=C:\Program Files\Microchip\xc8\v2.45\pic\dat\20230818022343_en.msgs \
  -cn -h+dist/default/production\SLAVE_MCU.X.production.sym \
  --cmf=dist/default/production\SLAVE_MCU.X.production.cmf -z -Q18F4620 \
  -oC:\Users\dell\AppData\Local\Temp\xcAs63k.\driver_tmp_3.o \
  --defsym=__MPLAB_BUILD=1 --fixupoverflow=error \
  -Mdist/default/production/SLAVE_MCU.X.production.map \
  --md=C:\Users\dell\AppData\Local\Temp\xcAs63k.\driver_tmp_0.dat -E1 \
  -ver=XC8 Compiler --acfsm=1493 -ACODE=00h-0FFFFh -ACONST=00h-0FFFFh \
  -ASMALLCONST=01000h-010FFhx240 -AMEDIUMCONST=01000h-0FFFFh \
  -ACOMRAM=01h-07Fh -AABS1=00h-0F7Fh -ABIGRAM=01h-0F7Fh \
  -ARAM=080h-0FFh,0100h-01FFhx14,0F00h-0F7Fh -ABANK0=080h-0FFh \
  -ABANK1=0100h-01FFh -ABANK2=0200h-02FFh -ABANK3=0300h-03FFh \
  -ABANK4=0400h-04FFh -ABANK5=0500h-05FFh -ABANK6=0600h-06FFh \
  -ABANK7=0700h-07FFh -ABANK8=0800h-08FFh -ABANK9=0900h-09FFh \
  -ABANK10=0A00h-0AFFh -ABANK11=0B00h-0BFFh -ABANK12=0C00h-0CFFh \
  -ABANK13=0D00h-0DFFh -ABANK14=0E00h-0EFFh -ABANK15=0F00h-0F7Fh \
  -ASFR=0F80h-0FFFh -ABIGSFR=0F80h-0FFFh -ACONFIG=0300000h-030000Dh \
  -AIDLOC=0200000h-0200007h -AEEDATA=0F00000h-0F003FFh -peeprom_data=EEDATA \
  -preset_vec=00h,intcode=08h,intcodelo,powerup,init -pramtop=01000h \
  -psmallconst=SMALLCONST -pmediumconst=MEDIUMCONST -pconst=CONST \
  -AFARRAM=00h-00h \
  -prdata=COMRAM,nvrram=COMRAM,nvbit=COMRAM,rbss=COMRAM,rbit=COMRAM \
  -pfarbss=FARRAM,fardata=FARRAM,nvFARRAM=FARRAM \
  -pintsave_regs=BIGRAM,bigbss=BIGRAM,bigdata=BIGRAM -pbss=RAM \
  -pidata=CODE,irdata=CODE,ibigdata=CODE,ifardata=CODE -prparam=COMRAM \
  C:\Users\dell\AppData\Local\Temp\xcAs63k.\driver_tmp_14.o \
  dist/default/production\SLAVE_MCU.X.production.o 

Object code version is 3.11

Machine type is 18F4620



                Name                               Link     Load   Length Selector   Space Scale
C:\Users\dell\AppData\Local\Temp\xcAs63k.\driver_tmp_14.o
                config                           300000   300000        E        0       4
                init                                  E        E        4        4       0
                reset_vec                             0        0        4        0       0
dist/default/production\SLAVE_MCU.X.production.o
                intcode                               8        8        6        4       0
                config                           300000   300000        E        0       4
                temp                                 60       60        1        1       1
                smallconst                         1000     1000       50      800       0
                text78                             4F6C     4F6C       86      828       0
                text77                             59C2     59C2       1C      828       0
                text76                             1A48     1A48      4C0      828       0
                text75                             571A     571A       46      828       0
                text74                             3D1C     3D1C      106      828       0
                text73                             37BC     37BC      1B4      828       0
                text72                             4344     4344       C4      828       0
                text71                             58EC     58EC       2E      828       0
                text70                             5A22     5A22        C      828       0
                text69                             59DE     59DE       1A      828       0
                text68                             4646     4646       B8      828       0
                text67                             4EE4     4EE4       88      828       0
                text66                             4E5C     4E5C       88      828       0
                text65                             2E78     2E78      1FA      828       0
                text64                             591A     591A       2C      828       0
                intcode_body                       4B0A     4B0A       96      828       0
                text62                             3C14     3C14      108      828       0
                text61                             3604     3604      1B8      828       0
                text60                             2794     2794      39C      828       0
                text59                             2368     2368      42C      828       0
                text58                             57A4     57A4       3A      828       0
                text57                             1586     1586      4C2      828       0
                text56                             56D2     56D2       48      828       0
                text55                             3AF6     3AF6      11E      828       0
                text54                             4DD2     4DD2       8A      828       0
                text53                             55A4     55A4       50      828       0
                text52                             5688     5688       4A      828       0
                text51                             44C8     44C8       C0      828       0
                text50                             4D48     4D48       8A      828       0
                text49                             4CBE     4CBE       8A      828       0
                text48                             1F08     1F08      460      828       0
                text47                             54A0     54A0       60      828       0
                text46                             4280     4280       C4      828       0
                text45                             53CE     53CE       6A      828       0
                text44                             5552     5552       52      828       0
                text43                             5362     5362       6C      828       0
                text42                             5500     5500       52      828       0
                text41                             4C32     4C32       8C      828       0
                text40                             5946     5946       22      828       0
                text39                             3E22     3E22      102      828       0
                text38                             58BA     58BA       32      828       0
                text37                             41BA     41BA       C6      828       0
                text36                             47B4     47B4       B2      828       0
                text35                             5884     5884       36      828       0
                text34                             5A38     5A38        2      828       0
                text33                             49C2     49C2       AC      828       0
                text32                             3254     3254      1DA      828       0
                text31                             5760     5760       44      828       0
                text30                             5816     5816       38      828       0
                text29                             4A6E     4A6E       9C      828       0
                text28                             2B30     2B30      348      828       0
                text27                             5076     5076       84      828       0
                text26                             4008     4008       E4      828       0
                text25                             59A4     59A4       1E      828       0
                text24                             3970     3970      186      828       0
                text23                             4408     4408       C0      828       0
                text22                             342E     342E      1D6      828       0
                text21                             4914     4914       AE      828       0
                text20                             5A2E     5A2E        8      828       0
                text19                             4FF2     4FF2       84      828       0
                text18                             563E     563E       4A      828       0
                text17                             3072     3072      1E2      828       0
                text16                             3F24     3F24       E4      828       0
                text15                             584E     584E       36      828       0
                text14                             5438     5438       68      828       0
                text13                             5986     5986       1E      828       0
                text12                             5A36     5A36        2      828       0
                text11                             46FE     46FE       B6      828       0
                text10                             517C     517C       82      828       0
                text9                              5968     5968       1E      828       0
                text8                              1050     1050      536      828       0
                text7                              52F4     52F4       6E      828       0
                text6                              4866     4866       AE      828       0
                text5                              51FE     51FE       7C      828       0
                text4                              527A     527A       7A      828       0
                text3                              40EC     40EC       CE      828       0
                text2                              4BA0     4BA0       92      828       0
                text1                              57DE     57DE       38      828       0
                text0                              4588     4588       BE      828       0
                cstackCOMRAM                          1        1       30        1       1
                cstackBANK0                          80       80       6E       80       1
                cstackBANK1                         19B      19B       22      100       1
                dataBANK1                           151      151       4A      100       1
                bssBANK1                            100      100       51      100       1
                dataBANK0                            EE       EE       12       80       1
                dataCOMRAM                           31       31       18        1       1
                bssCOMRAM                            49       49       17        1       1
                cinit                              50FA     50FA       82      828       0
                idataBANK1                         55F4     55F4       4A      828       0
                idataBANK0                         5A10     5A10       12      828       0
                idataCOMRAM                        59F8     59F8       18      828       0

TOTAL           Name                               Link     Load   Length     Space
        CLASS   CODE           
                intcode                               8        8        6         0
                init                                  E        E        4         0
                reset_vec                             0        0        4         0
                text78                             4F6C     4F6C       86         0
                text77                             59C2     59C2       1C         0
                text76                             1A48     1A48      4C0         0
                text75                             571A     571A       46         0
                text74                             3D1C     3D1C      106         0
                text73                             37BC     37BC      1B4         0
                text72                             4344     4344       C4         0
                text71                             58EC     58EC       2E         0
                text70                             5A22     5A22        C         0
                text69                             59DE     59DE       1A         0
                text68                             4646     4646       B8         0
                text67                             4EE4     4EE4       88         0
                text66                             4E5C     4E5C       88         0
                text65                             2E78     2E78      1FA         0
                text64                             591A     591A       2C         0
                intcode_body                       4B0A     4B0A       96         0
                text62                             3C14     3C14      108         0
                text61                             3604     3604      1B8         0
                text60                             2794     2794      39C         0
                text59                             2368     2368      42C         0
                text58                             57A4     57A4       3A         0
                text57                             1586     1586      4C2         0
                text56                             56D2     56D2       48         0
                text55                             3AF6     3AF6      11E         0
                text54                             4DD2     4DD2       8A         0
                text53                             55A4     55A4       50         0
                text52                             5688     5688       4A         0
                text51                             44C8     44C8       C0         0
                text50                             4D48     4D48       8A         0
                text49                             4CBE     4CBE       8A         0
                text48                             1F08     1F08      460         0
                text47                             54A0     54A0       60         0
                text46                             4280     4280       C4         0
                text45                             53CE     53CE       6A         0
                text44                             5552     5552       52         0
                text43                             5362     5362       6C         0
                text42                             5500     5500       52         0
                text41                             4C32     4C32       8C         0
                text40                             5946     5946       22         0
                text39                             3E22     3E22      102         0
                text38                             58BA     58BA       32         0
                text37                             41BA     41BA       C6         0
                text36                             47B4     47B4       B2         0
                text35                             5884     5884       36         0
                text34                             5A38     5A38        2         0
                text33                             49C2     49C2       AC         0
                text32                             3254     3254      1DA         0
                text31                             5760     5760       44         0
                text30                             5816     5816       38         0
                text29                             4A6E     4A6E       9C         0
                text28                             2B30     2B30      348         0
                text27                             5076     5076       84         0
                text26                             4008     4008       E4         0
                text25                             59A4     59A4       1E         0
                text24                             3970     3970      186         0
                text23                             4408     4408       C0         0
                text22                             342E     342E      1D6         0
                text21                             4914     4914       AE         0
                text20                             5A2E     5A2E        8         0
                text19                             4FF2     4FF2       84         0
                text18                             563E     563E       4A         0
                text17                             3072     3072      1E2         0
                text16                             3F24     3F24       E4         0
                text15                             584E     584E       36         0
                text14                             5438     5438       68         0
                text13                             5986     5986       1E         0
                text12                             5A36     5A36        2         0
                text11                             46FE     46FE       B6         0
                text10                             517C     517C       82         0
                text9                              5968     5968       1E         0
                text8                              1050     1050      536         0
                text7                              52F4     52F4       6E         0
                text6                              4866     4866       AE         0
                text5                              51FE     51FE       7C         0
                text4                              527A     527A       7A         0
                text3                              40EC     40EC       CE         0
                text2                              4BA0     4BA0       92         0
                text1                              57DE     57DE       38         0
                text0                              4588     4588       BE         0
                cinit                              50FA     50FA       82         0
                idataBANK1                         55F4     55F4       4A         0
                idataBANK0                         5A10     5A10       12         0
                idataCOMRAM                        59F8     59F8       18         0

        CLASS   CONST          

        CLASS   SMALLCONST     
                smallconst                         1000     1000       50         0

        CLASS   MEDIUMCONST    

        CLASS   COMRAM         
                temp                                 60       60        1         1
                cstackCOMRAM                          1        1       30         1
                dataCOMRAM                           31       31       18         1
                bssCOMRAM                            49       49       17         1

        CLASS   ABS1           

        CLASS   BIGRAM         

        CLASS   RAM            

        CLASS   BANK0          
                cstackBANK0                          80       80       6E         1
                dataBANK0                            EE       EE       12         1

        CLASS   BANK1          
                cstackBANK1                         19B      19B       22         1
                dataBANK1                           151      151       4A         1
                bssBANK1                            100      100       51         1

        CLASS   BANK2          

        CLASS   BANK3          

        CLASS   BANK4          

        CLASS   BANK5          

        CLASS   BANK6          

        CLASS   BANK7          

        CLASS   BANK8          

        CLASS   BANK9          

        CLASS   BANK10         

        CLASS   BANK11         

        CLASS   BANK12         

        CLASS   BANK13         

        CLASS   BANK14         

        CLASS   BANK15         

        CLASS   SFR            

        CLASS   BIGSFR         

        CLASS   CONFIG         
                config                           300000   300000        E         4

        CLASS   IDLOC          

        CLASS   EEDATA         

        CLASS   FARRAM         

        CLASS   HEAP           

        CLASS   STACK          



SEGMENTS        Name                           Load    Length   Top    Selector   Space  Class

                reset_vec                      000000  000004  000004         0       0  CODE    
                cstackCOMRAM                   000001  000060  000061         1       1  COMRAM  
                intcode                        000008  00000A  000012         4       0  CODE    
                cstackBANK0                    000080  000080  000100        80       1  BANK0   
                bssBANK1                       000100  0000BD  0001BD       100       1  BANK1   
                smallconst                     001000  000050  001050       800       0  SMALLCON
                text8                          001050  0049EA  005A3A       828       0  CODE    


UNUSED ADDRESS RANGES

        Name                Unused          Largest block    Delta
        BANK1            0001BD-0001FF               43
        BANK10           000A00-000AFF              100
        BANK11           000B00-000BFF              100
        BANK12           000C00-000CFF              100
        BANK13           000D00-000DFF              100
        BANK14           000E00-000EFF              100
        BANK15           000F00-000F7F               80
        BANK2            000200-0002FF              100
        BANK3            000300-0003FF              100
        BANK4            000400-0004FF              100
        BANK5            000500-0005FF              100
        BANK6            000600-0006FF              100
        BANK7            000700-0007FF              100
        BANK8            000800-0008FF              100
        BANK9            000900-0009FF              100
        BIGRAM           000061-00007F               1F
                         0001BD-000F7F              DC3
        BIGSFR           000F80-000FFF               80
        CODE             000004-000007                4
                         000012-000FFF              FEE
                         005A3A-00FFFF             A5C6
        COMRAM           000061-00007F               1F
        CONST            000004-000007                4
                         000012-000FFF              FEE
                         005A3A-00FFFF             A5C6
        EEDATA           F00000-F003FF              400
        IDLOC            200000-200007                8
        MEDIUMCONST      005A3A-00FFFF             A5C6
        RAM              0001BD-000F7F              100
        SFR              000F80-000FFF               80
        SMALLCONST       005A3A-00FFFF              100

                                  Symbol Table

?___awdiv                                           cstackBANK0  000080
?___awmod                                           cstackBANK0  000080
?___fladd                                           cstackBANK0  0000A7
?___fldiv                                           cstackBANK0  00008E
?___flmul                                           cstackBANK0  0000BF
?___flneg                                           cstackBANK0  0000D8
?___flsub                                           cstackBANK0  0000B7
?___fltol                                           cstackBANK0  0000E4
?___xxtofl                                          cstackBANK0  000080
?_abs                                               cstackBANK0  000086
?_map                                               cstackBANK1  00019B
?_sprintf                                           cstackBANK0  000099
?_vfprintf                                          cstackBANK0  000095
?i2___fladd                                         cstackCOMRAM 000001
?i2___flsub                                         cstackCOMRAM 000011
?i2___fltol                                         cstackCOMRAM 000019
?i2___xxtofl                                        cstackCOMRAM 000001
APP_u8_Bluetooth_Receive@returned_bluetooth         cstackCOMRAM 00000D
App_CheckDoor@MyData                                cstackBANK1  0001B0
App_CheckRoom@MyData                                cstackBANK0  00008C
App_CheckRoom@i                                     cstackBANK0  00008F
App_CheckTV@MyData                                  cstackBANK0  00008C
App_CheckTemp@MyData                                cstackBANK0  000096
App_printData@LCD                                   cstackBANK0  0000BD
App_printData@MyData                                cstackBANK0  0000BC
BaudRateConfig@Copy_stUsart                         cstackBANK1  0001AF
BaudRateConfig@Local_f32BaudRateTemp                cstackBANK1  0001B3
CCP_CaptureModeConfig@Copy_stCCP                    cstackBANK0  000080
CCP_CompareModeConfig@Copy_stCCP                    cstackBANK0  000088
CCP_Interruptconfig@Copy_stCCP                      cstackBANK0  000080
CCP_Modeconfig@Copy_stCCP                           cstackBANK0  00008C
CCP_u16CaptureReadValue@F2625                       bssCOMRAM    000055
CCP_voidCompareSetValue@CCP_Reg_temp                cstackCOMRAM 000029
CCP_voidCompareSetValue@Copy_stCCP                  cstackCOMRAM 000023
CCP_voidCompareSetValue@Copy_u16Value               cstackCOMRAM 000025
CCP_voidCompareSetValue@F2632                       bssCOMRAM    000053
CCP_voidInit@Copy_stCCP                             cstackBANK0  000090
GPIO_VoidSetPinDirection@Copy_u8Direction           cstackBANK0  000081
GPIO_VoidSetPinDirection@Copy_u8Pin                 cstackBANK0  000080
GPIO_VoidSetPinDirection@Copy_u8Port                cstackBANK0  000087
GPIO_VoidSetPinMode@Copy_u8Mode                     cstackBANK0  000081
GPIO_VoidSetPinMode@Copy_u8Pin                      cstackBANK0  000080
GPIO_VoidSetPinMode@Copy_u8Port                     cstackBANK0  000087
GPIO_VoidSetPortDirection@Copy_u8Direction          cstackBANK0  000080
GPIO_VoidSetPortDirection@Copy_u8Port               cstackBANK0  000083
GPIO_u8ReadPin@Copy_u8Pin                           cstackBANK0  000080
GPIO_u8ReadPin@Copy_u8Port                          cstackBANK0  000085
GPIO_u8ReadPin@Localu8Returned                      cstackBANK0  000086
I2C_MasterMode_CFG@Copy_stI2C                       cstackBANK1  0001AF
I2C_Read@returedData                                cstackBANK0  000080
I2C_ReceiveStuct@MyData                             cstackBANK0  000081
I2C_ReceiveStuct@SizeOfStruct                       cstackBANK0  000082
I2C_ReceiveStuct@i                                  cstackBANK0  000083
I2C_SlaveMode_CFG@Copy_stI2C                        cstackBANK0  000080
I2C_voidI2CInit@Copy_stI2C                          cstackBANK1  0001B3
LCD4Bit_voidLCD_Init@Copy_stLCD4Bit                 cstackBANK0  00008C
LCD4Bit_voidSendChar@Copy_stLCD4Bit                 cstackBANK0  00008A
LCD4Bit_voidSendChar@Copy_u8Char                    cstackBANK0  00008B
LCD4Bit_voidSendCommand@Copy_stLCD4Bit              cstackBANK0  00008A
LCD4Bit_voidSendCommand@Copy_u8Command              cstackBANK0  00008B
LCD4Bit_voidSendNumber@Copy_stLCD4Bit               cstackBANK0  0000AA
LCD4Bit_voidSendNumber@Copy_u16Number               cstackBANK0  0000AB
LCD4Bit_voidSendNumber@Copy_u8Column                cstackBANK0  0000AE
LCD4Bit_voidSendNumber@Copy_u8Row                   cstackBANK0  0000AD
LCD4Bit_voidSendNumber@Number                       cstackBANK0  0000B5
LCD4Bit_voidSendNumber@Number2                      cstackBANK0  0000AF
LCD4Bit_voidSendNumber@i                            cstackBANK0  0000BB
LCD4Bit_voidSendString@Copy_Pu8Str                  cstackBANK0  00008D
LCD4Bit_voidSendString@Copy_stLCD4Bit               cstackBANK0  00008C
LCD4Bit_voidSendString_Pos@Copy_Pu8Str              cstackBANK0  000094
LCD4Bit_voidSendString_Pos@Copy_stLCD4Bit           cstackBANK0  000091
LCD4Bit_voidSendString_Pos@Copy_u8Column            cstackBANK0  000093
LCD4Bit_voidSendString_Pos@Copy_u8Row               cstackBANK0  000092
LCD_voidSend4bit@Copy_stLCD4Bit                     cstackBANK0  000088
LCD_voidSend4bit@Copy_u8Command_Data                cstackBANK0  000089
LCD_voidSendEnable_4Bit@Copy_stLCD4Bit              cstackBANK0  000088
LCD_voidSetCursorPos_4Bit@Copy_stLCD4Bit            cstackBANK0  00008C
LCD_voidSetCursorPos_4Bit@Copy_u8Column             cstackBANK0  00008E
LCD_voidSetCursorPos_4Bit@Copy_u8Row                cstackBANK0  00008D
LED_voidLedInt@Copy_stLed                           cstackBANK0  000088
LED_voidLedOff@Copy_stLed                           cstackBANK0  000088
LED_voidLedOn@Copy_stLed                            cstackBANK0  000088
RW_mode_config@Copy_stTimer                         cstackBANK0  000080
SERVO_voidSetAngle@Copy_u8Angle                     cstackBANK1  0001AF
TIMER3_voidInit@Copy_stTimer                        cstackBANK0  000084
TIMER3_voidWriteReg@Copy_stTimer                    cstackBANK0  000080
TIMER3_voidWriteReg@Copy_u16Value                   cstackBANK0  000082
Tx_config@Copy_stUsart                              cstackBANK0  000080
USART_u8AsynchReadDataNonBlocking@Local_u8RetunData cstackCOMRAM 000001
USART_voidAsynchUsartInit@Copy_stUsart              cstackBANK1  0001BB
_ADCON0bits                                         (abs)        000FC2
_ADCON1bits                                         (abs)        000FC1
_ADCON2bits                                         (abs)        000FC0
_ADRESH                                             (abs)        000FC4
_ADRESL                                             (abs)        000FC3
_APP_u8_Bluetooth_Receive                           text65       002E78
_App_CheckDoor                                      text53       0055A4
_App_CheckRoom                                      text48       001F08
_App_CheckTV                                        text47       0054A0
_App_CheckTemp                                      text39       003E22
_App_printData                                      text28       002B30
_Application_Init                                   text3        0040EC
_Au8elements                                        dataBANK1    000151
_BAUDCONbits                                        (abs)        000FB8
_BaudRateConfig                                     text8        001050
_BaudRateConfig$4586                                cstackBANK1  0001B7
_CCP1CONbits                                        (abs)        000FBD
_CCP1_ISR                                           text71       0058EC
_CCP1_InterruptHandeler                             bssCOMRAM    000057
_CCP2CONbits                                        (abs)        000FBA
_CCP2_InterruptHandeler                             bssBANK1     00014C
_CCPR1H                                             (abs)        000FBF
_CCPR1L                                             (abs)        000FBE
_CCPR2H                                             (abs)        000FBC
_CCPR2L                                             (abs)        000FBB
_CCP_CaptureModeConfig                              text18       00563E
_CCP_CompareModeConfig                              text17       003072
_CCP_Interruptconfig                                text19       004FF2
_CCP_Modeconfig                                     text16       003F24
_CCP_voidCompareSetValue                            text78       004F6C
_CCP_voidInit                                       text15       00584E
_Compare_Duty                                       dataCOMRAM   000031
_Data                                               dataCOMRAM   00003F
_EEADR                                              (abs)        000FA9
_EEADRH                                             (abs)        000FAA
_EECON1bits                                         (abs)        000FA6
_EECON2                                             (abs)        000FA7
_EEDATA                                             (abs)        000FA8
_GLOP_u16NumberOfLights                             bssCOMRAM    000059
_GLOP_u16Timer3Preload                              bssCOMRAM    00004B
_GLOP_u8Timer2Preload                               bssCOMRAM    00005D
_GPIO_VoidSetPinDirection                           text23       004408
_GPIO_VoidSetPinMode                                text51       0044C8
_GPIO_VoidSetPortDirection                          text27       005076
_GPIO_u8ReadPin                                     text52       005688
_Glopal_Flag                                        dataCOMRAM   000037
_I2C_MasterMode_CFG                                 text26       004008
_I2C_OBJ                                            dataBANK1    000190
_I2C_Read                                           text2        004BA0
_I2C_ReceiveStuct                                   text1        0057DE
_I2C_SlaveMode_CFG                                  text25       0059A4
_I2C_voidI2CInit                                    text24       003970
_INTCONbits                                         (abs)        000FF2
_InterruptManger                                    intcode      000008
_Interrupt_GLOP_InterruptEnable                     text20       005A2E
_LATA                                               (abs)        000F89
_LATB                                               (abs)        000F8A
_LATC                                               (abs)        000F8B
_LATD                                               (abs)        000F8C
_LATE                                               (abs)        000F8D
_LCD4Bit_voidLCD_Init                               text22       00342E
_LCD4Bit_voidSendChar                               text44       005552
_LCD4Bit_voidSendCommand                            text42       005500
_LCD4Bit_voidSendNumber                             text29       004A6E
_LCD4Bit_voidSendString                             text43       005362
_LCD4Bit_voidSendString_Pos                         text40       005946
_LCD_1                                              dataCOMRAM   000038
_LCD_voidSend4bit                                   text46       004280
_LCD_voidSendEnable_4Bit                            text45       0053CE
_LCD_voidSetCursorPos_4Bit                          text41       004C32
_LED_ROOM_1                                         dataBANK0    0000FD
_LED_ROOM_2                                         dataBANK0    0000FA
_LED_ROOM_3                                         dataBANK0    0000F7
_LED_ROOM_4                                         dataBANK0    0000F4
_LED_ROOM_5                                         dataBANK0    0000F1
_LED_ROOM_6                                         dataBANK0    0000EE
_LED_ROOM_7                                         dataCOMRAM   000046
_LED_ROOM_8                                         dataCOMRAM   000043
_LED_voidLedInt                                     text21       004914
_LED_voidLedOff                                     text50       004D48
_LED_voidLedOn                                      text49       004CBE
_PIE1bits                                           (abs)        000F9D
_PIE2bits                                           (abs)        000FA0
_PIR1bits                                           (abs)        000F9E
_PIR2bits                                           (abs)        000FA1
_PORTA                                              (abs)        000F80
_PORTB                                              (abs)        000F81
_PORTC                                              (abs)        000F82
_PORTD                                              (abs)        000F83
_PORTE                                              (abs)        000F84
_PreloadVlaue                                       bssCOMRAM    00004D
_RB4_flag                                           dataCOMRAM   000036
_RB5_flag                                           dataCOMRAM   000035
_RB6_flag                                           dataCOMRAM   000034
_RB7_flag                                           dataCOMRAM   000033
_RCONbits                                           (abs)        000FD0
_RCREG                                              (abs)        000FAE
_RCSTAbits                                          (abs)        000FAB
_RW_mode_config                                     text14       005438
_SERVO_voidServoInit                                text9        005968
_SERVO_voidSetAngle                                 text54       004DD2
_SPBRG                                              (abs)        000FAF
_SPBRGH                                             (abs)        000FB0
_SPI_INTERRUPT_HANDELER                             bssBANK1     00014A
_SSPADD                                             (abs)        000FC8
_SSPBUF                                             (abs)        000FC9
_SSPCON1bits                                        (abs)        000FC6
_SSPCON2bits                                        (abs)        000FC5
_SSPIF                                              (abs)        007CF3
_SSPSTATbits                                        (abs)        000FC7
_Servo_ISR                                          text72       004344
_T0CONbits                                          (abs)        000FD5
_T1CONbits                                          (abs)        000FCD
_T2CONbits                                          (abs)        000FCA
_T3                                                 dataBANK1    000195
_T3CONbits                                          (abs)        000FB1
_TIMER0_ISR                                         text70       005A22
_TIMER0_InterruptHandeler                           bssCOMRAM    000051
_TIMER3_voidInit                                    text10       00517C
_TIMER3_voidWriteReg                                text13       005986
_TMR0H                                              (abs)        000FD7
_TMR0L                                              (abs)        000FD6
_TMR1H                                              (abs)        000FCF
_TMR1L                                              (abs)        000FCE
_TMR2                                               (abs)        000FCC
_TMR3H                                              (abs)        000FB3
_TMR3L                                              (abs)        000FB2
_TRISA                                              (abs)        000F92
_TRISB                                              (abs)        000F93
_TRISC                                              (abs)        000F94
_TRISCbits                                          (abs)        000F94
_TRISD                                              (abs)        000F95
_TRISE                                              (abs)        000F96
_TV_LED                                             dataBANK1    000198
_TXREG                                              (abs)        000FAD
_TXSTAbits                                          (abs)        000FAC
_Timer1InterruptHandeler                            bssBANK1     000148
_Timer2InterruptHandeler                            bssBANK1     000146
_Timer3InterruptHandeler                            bssBANK1     000144
_Tx_config                                          text7        0052F4
_USART_RX_ISR                                       text64       00591A
_USART_u8AsynchReadDataNonBlocking                  text69       0059DE
_USART_voidAsynchUsartInit                          text4        00527A
_Uart_Data                                          bssCOMRAM    00005F
_UsartFramingError_InterruptHandeler                bssBANK1     000142
_UsartOverRunError_InterruptHandeler                bssBANK1     000140
_UsartRx_InterruptHandeler                          bssCOMRAM    000049
__HRAM                                              (abs)        000000
__H__absolute__                                     __absolute__ 000000
__Habs1                                             abs1         000000
__Hbank0                                            bank0        000000
__Hbank1                                            bank1        000000
__Hbank10                                           bank10       000000
__Hbank11                                           bank11       000000
__Hbank12                                           bank12       000000
__Hbank13                                           bank13       000000
__Hbank14                                           bank14       000000
__Hbank15                                           bank15       000000
__Hbank2                                            bank2        000000
__Hbank3                                            bank3        000000
__Hbank4                                            bank4        000000
__Hbank5                                            bank5        000000
__Hbank6                                            bank6        000000
__Hbank7                                            bank7        000000
__Hbank8                                            bank8        000000
__Hbank9                                            bank9        000000
__Hbigbss                                           bigbss       000000
__Hbigdata                                          bigdata      000000
__Hbigram                                           bigram       000000
__Hbigsfr                                           bigsfr       000000
__Hbss                                              bss          000000
__HbssBANK1                                         bssBANK1     000000
__HbssCOMRAM                                        bssCOMRAM    000000
__Hcinit                                            cinit        000000
__Hclrtext                                          clrtext      000000
__Hcomram                                           comram       000000
__Hconfig                                           config       30000E
__Hconst                                            const        000000
__HcstackBANK0                                      cstackBANK0  000000
__HcstackBANK1                                      cstackBANK1  000000
__HcstackCOMRAM                                     cstackCOMRAM 000000
__Hdata                                             data         000000
__HdataBANK0                                        dataBANK0    000000
__HdataBANK1                                        dataBANK1    000000
__HdataCOMRAM                                       dataCOMRAM   000000
__Heeprom_data                                      eeprom_data  000000
__Hfarbss                                           farbss       000000
__Hfardata                                          fardata      000000
__Hheap                                             heap         000000
__Hibigdata                                         ibigdata     000000
__Hidata                                            idata        000000
__HidataBANK0                                       idataBANK0   000000
__HidataBANK1                                       idataBANK1   000000
__HidataCOMRAM                                      idataCOMRAM  000000
__Hidloc                                            idloc        000000
__Hifardata                                         ifardata     000000
__Hinit                                             init         000012
__Hintcode                                          intcode      00000E
__Hintcode_body                                     intcode_body 000000
__Hintcodelo                                        intcodelo    00000E
__Hintentry                                         intentry     000000
__Hintret                                           intret       000000
__Hintsave_regs                                     intsave_regs 000000
__Hirdata                                           irdata       000000
__Hmediumconst                                      mediumconst  000000
__HnvFARRAM                                         nvFARRAM     000000
__Hnvbit                                            nvbit        000000
__Hnvrram                                           nvrram       000000
__Hparam                                            rparam       000000
__Hpowerup                                          powerup      00000E
__Hram                                              ram          000000
__Hramtop                                           ramtop       001000
__Hrbit                                             rbit         000000
__Hrbss                                             rbss         000000
__Hrdata                                            rdata        000000
__Hreset_vec                                        reset_vec    000004
__Hrparam                                           rparam       000000
__Hsfr                                              sfr          000000
__Hsmallconst                                       smallconst   001050
__Hspace_0                                          (abs)        005A3A
__Hspace_1                                          (abs)        0001BD
__Hspace_2                                          (abs)        000000
__Hspace_4                                          (abs)        60000E
__Hstack                                            stack        000000
__Hstruct                                           struct       000000
__Htemp                                             temp         000061
__Htext                                             text         000000
__Htext0                                            text0        000000
__Htext1                                            text1        000000
__Htext10                                           text10       000000
__Htext11                                           text11       000000
__Htext12                                           text12       000000
__Htext13                                           text13       000000
__Htext14                                           text14       000000
__Htext15                                           text15       000000
__Htext16                                           text16       000000
__Htext17                                           text17       000000
__Htext18                                           text18       000000
__Htext19                                           text19       000000
__Htext2                                            text2        000000
__Htext20                                           text20       000000
__Htext21                                           text21       000000
__Htext22                                           text22       000000
__Htext23                                           text23       000000
__Htext24                                           text24       000000
__Htext25                                           text25       000000
__Htext26                                           text26       000000
__Htext27                                           text27       000000
__Htext28                                           text28       000000
__Htext29                                           text29       000000
__Htext3                                            text3        000000
__Htext30                                           text30       000000
__Htext31                                           text31       000000
__Htext32                                           text32       000000
__Htext33                                           text33       000000
__Htext34                                           text34       000000
__Htext35                                           text35       000000
__Htext36                                           text36       000000
__Htext37                                           text37       000000
__Htext38                                           text38       000000
__Htext39                                           text39       000000
__Htext4                                            text4        000000
__Htext40                                           text40       000000
__Htext41                                           text41       000000
__Htext42                                           text42       000000
__Htext43                                           text43       000000
__Htext44                                           text44       000000
__Htext45                                           text45       000000
__Htext46                                           text46       000000
__Htext47                                           text47       000000
__Htext48                                           text48       000000
__Htext49                                           text49       000000
__Htext5                                            text5        000000
__Htext50                                           text50       000000
__Htext51                                           text51       000000
__Htext52                                           text52       000000
__Htext53                                           text53       000000
__Htext54                                           text54       000000
__Htext55                                           text55       000000
__Htext56                                           text56       000000
__Htext57                                           text57       000000
__Htext58                                           text58       000000
__Htext59                                           text59       000000
__Htext6                                            text6        000000
__Htext60                                           text60       000000
__Htext61                                           text61       000000
__Htext62                                           text62       000000
__Htext64                                           text64       000000
__Htext65                                           text65       000000
__Htext66                                           text66       000000
__Htext67                                           text67       000000
__Htext68                                           text68       000000
__Htext69                                           text69       000000
__Htext7                                            text7        000000
__Htext70                                           text70       000000
__Htext71                                           text71       000000
__Htext72                                           text72       000000
__Htext73                                           text73       000000
__Htext74                                           text74       000000
__Htext75                                           text75       000000
__Htext76                                           text76       000000
__Htext77                                           text77       000000
__Htext78                                           text78       000000
__Htext79                                           text79       000000
__Htext8                                            text8        000000
__Htext9                                            text9        000000
__LRAM                                              (abs)        000001
__L__absolute__                                     __absolute__ 000000
__Labs1                                             abs1         000000
__Lbank0                                            bank0        000000
__Lbank1                                            bank1        000000
__Lbank10                                           bank10       000000
__Lbank11                                           bank11       000000
__Lbank12                                           bank12       000000
__Lbank13                                           bank13       000000
__Lbank14                                           bank14       000000
__Lbank15                                           bank15       000000
__Lbank2                                            bank2        000000
__Lbank3                                            bank3        000000
__Lbank4                                            bank4        000000
__Lbank5                                            bank5        000000
__Lbank6                                            bank6        000000
__Lbank7                                            bank7        000000
__Lbank8                                            bank8        000000
__Lbank9                                            bank9        000000
__Lbigbss                                           bigbss       000000
__Lbigdata                                          bigdata      000000
__Lbigram                                           bigram       000000
__Lbigsfr                                           bigsfr       000000
__Lbss                                              bss          000000
__LbssBANK1                                         bssBANK1     000000
__LbssCOMRAM                                        bssCOMRAM    000000
__Lcinit                                            cinit        000000
__Lclrtext                                          clrtext      000000
__Lcomram                                           comram       000000
__Lconfig                                           config       000000
__Lconst                                            const        000000
__LcstackBANK0                                      cstackBANK0  000000
__LcstackBANK1                                      cstackBANK1  000000
__LcstackCOMRAM                                     cstackCOMRAM 000000
__Ldata                                             data         000000
__LdataBANK0                                        dataBANK0    000000
__LdataBANK1                                        dataBANK1    000000
__LdataCOMRAM                                       dataCOMRAM   000000
__Leeprom_data                                      eeprom_data  000000
__Lfarbss                                           farbss       000000
__Lfardata                                          fardata      000000
__Lheap                                             heap         000000
__Libigdata                                         ibigdata     000000
__Lidata                                            idata        000000
__LidataBANK0                                       idataBANK0   000000
__LidataBANK1                                       idataBANK1   000000
__LidataCOMRAM                                      idataCOMRAM  000000
__Lidloc                                            idloc        000000
__Lifardata                                         ifardata     000000
__Linit                                             init         00000E
__Lintcode                                          intcode      000008
__Lintcode_body                                     intcode_body 000000
__Lintcodelo                                        intcodelo    00000E
__Lintentry                                         intentry     000000
__Lintret                                           intret       000000
__Lintsave_regs                                     intsave_regs 000000
__Lirdata                                           irdata       000000
__Lmediumconst                                      mediumconst  000000
__LnvFARRAM                                         nvFARRAM     000000
__Lnvbit                                            nvbit        000000
__Lnvrram                                           nvrram       000000
__Lparam                                            rparam       000000
__Lpowerup                                          powerup      00000E
__Lram                                              ram          000000
__Lramtop                                           ramtop       001000
__Lrbit                                             rbit         000000
__Lrbss                                             rbss         000000
__Lrdata                                            rdata        000000
__Lreset_vec                                        reset_vec    000000
__Lrparam                                           rparam       000000
__Lsfr                                              sfr          000000
__Lsmallconst                                       smallconst   001000
__Lspace_0                                          (abs)        000000
__Lspace_1                                          (abs)        000000
__Lspace_2                                          (abs)        000000
__Lspace_4                                          (abs)        000000
__Lstack                                            stack        000000
__Lstruct                                           struct       000000
__Ltemp                                             temp         000060
__Ltext                                             text         000000
__Ltext0                                            text0        000000
__Ltext1                                            text1        000000
__Ltext10                                           text10       000000
__Ltext11                                           text11       000000
__Ltext12                                           text12       000000
__Ltext13                                           text13       000000
__Ltext14                                           text14       000000
__Ltext15                                           text15       000000
__Ltext16                                           text16       000000
__Ltext17                                           text17       000000
__Ltext18                                           text18       000000
__Ltext19                                           text19       000000
__Ltext2                                            text2        000000
__Ltext20                                           text20       000000
__Ltext21                                           text21       000000
__Ltext22                                           text22       000000
__Ltext23                                           text23       000000
__Ltext24                                           text24       000000
__Ltext25                                           text25       000000
__Ltext26                                           text26       000000
__Ltext27                                           text27       000000
__Ltext28                                           text28       000000
__Ltext29                                           text29       000000
__Ltext3                                            text3        000000
__Ltext30                                           text30       000000
__Ltext31                                           text31       000000
__Ltext32                                           text32       000000
__Ltext33                                           text33       000000
__Ltext34                                           text34       000000
__Ltext35                                           text35       000000
__Ltext36                                           text36       000000
__Ltext37                                           text37       000000
__Ltext38                                           text38       000000
__Ltext39                                           text39       000000
__Ltext4                                            text4        000000
__Ltext40                                           text40       000000
__Ltext41                                           text41       000000
__Ltext42                                           text42       000000
__Ltext43                                           text43       000000
__Ltext44                                           text44       000000
__Ltext45                                           text45       000000
__Ltext46                                           text46       000000
__Ltext47                                           text47       000000
__Ltext48                                           text48       000000
__Ltext49                                           text49       000000
__Ltext5                                            text5        000000
__Ltext50                                           text50       000000
__Ltext51                                           text51       000000
__Ltext52                                           text52       000000
__Ltext53                                           text53       000000
__Ltext54                                           text54       000000
__Ltext55                                           text55       000000
__Ltext56                                           text56       000000
__Ltext57                                           text57       000000
__Ltext58                                           text58       000000
__Ltext59                                           text59       000000
__Ltext6                                            text6        000000
__Ltext60                                           text60       000000
__Ltext61                                           text61       000000
__Ltext62                                           text62       000000
__Ltext64                                           text64       000000
__Ltext65                                           text65       000000
__Ltext66                                           text66       000000
__Ltext67                                           text67       000000
__Ltext68                                           text68       000000
__Ltext69                                           text69       000000
__Ltext7                                            text7        000000
__Ltext70                                           text70       000000
__Ltext71                                           text71       000000
__Ltext72                                           text72       000000
__Ltext73                                           text73       000000
__Ltext74                                           text74       000000
__Ltext75                                           text75       000000
__Ltext76                                           text76       000000
__Ltext77                                           text77       000000
__Ltext78                                           text78       000000
__Ltext79                                           text79       000000
__Ltext8                                            text8        000000
__Ltext9                                            text9        000000
__S0                                                (abs)        005A3A
__S1                                                (abs)        0001BD
__S4                                                (abs)        000000
__S5                                                (abs)        000000
___awdiv                                            text37       0041BA
___awdiv@counter                                    cstackBANK0  000084
___awdiv@dividend                                   cstackBANK0  000080
___awdiv@divisor                                    cstackBANK0  000082
___awdiv@quotient                                   cstackBANK0  000086
___awdiv@sign                                       cstackBANK0  000085
___awmod                                            text36       0047B4
___awmod@counter                                    cstackBANK0  000084
___awmod@dividend                                   cstackBANK0  000080
___awmod@divisor                                    cstackBANK0  000082
___awmod@sign                                       cstackBANK0  000085
___fladd                                            text57       001586
___fladd@a                                          cstackBANK0  0000AB
___fladd@aexp                                       cstackBANK0  0000B4
___fladd@b                                          cstackBANK0  0000A7
___fladd@bexp                                       cstackBANK0  0000B5
___fladd@grs                                        cstackBANK0  0000B6
___fladd@signs                                      cstackBANK0  0000B3
___fldiv                                            text60       002794
___fldiv@a                                          cstackBANK0  000092
___fldiv@aexp                                       cstackBANK0  0000A6
___fldiv@b                                          cstackBANK0  00008E
___fldiv@bexp                                       cstackBANK0  0000A5
___fldiv@grs                                        cstackBANK0  0000A1
___fldiv@new_exp                                    cstackBANK0  00009F
___fldiv@rem                                        cstackBANK0  00009A
___fldiv@sign                                       cstackBANK0  00009E
___flmul                                            text59       002368
___flmul@a                                          cstackBANK0  0000C3
___flmul@aexp                                       cstackBANK0  0000CC
___flmul@b                                          cstackBANK0  0000BF
___flmul@bexp                                       cstackBANK0  0000D1
___flmul@grs                                        cstackBANK0  0000CD
___flmul@prod                                       cstackBANK0  0000D2
___flmul@sign                                       cstackBANK0  0000CB
___flmul@temp                                       cstackBANK0  0000D6
___flneg                                            text58       0057A4
___flneg@f1                                         cstackBANK0  0000D8
___flsub                                            text56       0056D2
___flsub@a                                          cstackBANK0  0000BB
___flsub@b                                          cstackBANK0  0000B7
___fltol                                            text62       003C14
___fltol@exp1                                       cstackBANK0  0000ED
___fltol@f1                                         cstackBANK0  0000E4
___fltol@sign1                                      cstackBANK0  0000EC
___heap_hi                                          (abs)        000000
___heap_lo                                          (abs)        000000
___inthi_sp                                         stack        000000
___inthi_stack_hi                                   stack        000000
___inthi_stack_lo                                   stack        000000
___intlo_sp                                         stack        000000
___intlo_stack_hi                                   stack        000000
___intlo_stack_lo                                   stack        000000
___param_bank                                       (abs)        000000
___rparam_used                                      (abs)        000001
___sp                                               stack        000000
___stack_hi                                         stack        000000
___stack_lo                                         stack        000000
___xxtofl                                           text61       003604
___xxtofl@arg                                       cstackBANK0  00008A
___xxtofl@exp                                       cstackBANK0  000089
___xxtofl@sign                                      cstackBANK0  000088
___xxtofl@val                                       cstackBANK0  000080
__accesstop                                         (abs)        000080
__activetblptr                                      (abs)        000003
__end_of_APP_u8_Bluetooth_Receive                   text65       003072
__end_of_App_CheckDoor                              text53       0055F4
__end_of_App_CheckRoom                              text48       002368
__end_of_App_CheckTV                                text47       005500
__end_of_App_CheckTemp                              text39       003F24
__end_of_App_printData                              text28       002E78
__end_of_Application_Init                           text3        0041BA
__end_of_BaudRateConfig                             text8        001586
__end_of_CCP1_ISR                                   text71       00591A
__end_of_CCP_CaptureModeConfig                      text18       005688
__end_of_CCP_CompareModeConfig                      text17       003254
__end_of_CCP_Interruptconfig                        text19       005076
__end_of_CCP_Modeconfig                             text16       004008
__end_of_CCP_voidCompareSetValue                    text78       004FF2
__end_of_CCP_voidInit                               text15       005884
__end_of_GPIO_VoidSetPinDirection                   text23       0044C8
__end_of_GPIO_VoidSetPinMode                        text51       004588
__end_of_GPIO_VoidSetPortDirection                  text27       0050FA
__end_of_GPIO_u8ReadPin                             text52       0056D2
__end_of_I2C_MasterMode_CFG                         text26       0040EC
__end_of_I2C_Read                                   text2        004C32
__end_of_I2C_ReceiveStuct                           text1        005816
__end_of_I2C_SlaveMode_CFG                          text25       0059C2
__end_of_I2C_voidI2CInit                            text24       003AF6
__end_of_InterruptManger                            intcode_body 004BA0
__end_of_Interrupt_GLOP_InterruptEnable             text20       005A36
__end_of_LCD4Bit_voidLCD_Init                       text22       003604
__end_of_LCD4Bit_voidSendChar                       text44       0055A4
__end_of_LCD4Bit_voidSendCommand                    text42       005552
__end_of_LCD4Bit_voidSendNumber                     text29       004B0A
__end_of_LCD4Bit_voidSendString                     text43       0053CE
__end_of_LCD4Bit_voidSendString_Pos                 text40       005968
__end_of_LCD_voidSend4bit                           text46       004344
__end_of_LCD_voidSendEnable_4Bit                    text45       005438
__end_of_LCD_voidSetCursorPos_4Bit                  text41       004CBE
__end_of_LED_voidLedInt                             text21       0049C2
__end_of_LED_voidLedOff                             text50       004DD2
__end_of_LED_voidLedOn                              text49       004D48
__end_of_RW_mode_config                             text14       0054A0
__end_of_SERVO_voidServoInit                        text9        005986
__end_of_SERVO_voidSetAngle                         text54       004E5C
__end_of_Servo_ISR                                  text72       004408
__end_of_TIMER0_ISR                                 text70       005A2E
__end_of_TIMER3_voidInit                            text10       0051FE
__end_of_TIMER3_voidWriteReg                        text13       0059A4
__end_of_Tx_config                                  text7        005362
__end_of_USART_RX_ISR                               text64       005946
__end_of_USART_u8AsynchReadDataNonBlocking          text69       0059F8
__end_of_USART_voidAsynchUsartInit                  text4        0052F4
__end_of___awdiv                                    text37       004280
__end_of___awmod                                    text36       004866
__end_of___fladd                                    text57       001A48
__end_of___fldiv                                    text60       002B30
__end_of___flmul                                    text59       002794
__end_of___flneg                                    text58       0057DE
__end_of___flsub                                    text56       00571A
__end_of___fltol                                    text62       003D1C
__end_of___xxtofl                                   text61       0037BC
__end_of__initialization                            cinit        005172
__end_of_abs                                        text35       0058BA
__end_of_fputc                                      text33       004A6E
__end_of_interrupt_config                           text12       005A38
__end_of_main                                       text0        004646
__end_of_map                                        text55       003C14
__end_of_memset                                     text38       0058EC
__end_of_mode_config                                text11       0047B4
__end_of_putch                                      text34       005A3A
__end_of_rx_Interruptconfig                         text6        004914
__end_of_rx_config                                  text5        00527A
__end_of_sprintf                                    text30       00584E
__end_of_vfpfcnvrt                                  text32       00342E
__end_of_vfprintf                                   text31       0057A4
__end_ofi2_GPIO_VoidSetPinMode                      text68       0046FE
__end_ofi2_LED_voidLedOff                           text67       004F6C
__end_ofi2_LED_voidLedOn                            text66       004EE4
__end_ofi2_TIMER3_voidWriteReg                      text77       0059DE
__end_ofi2___fladd                                  text76       001F08
__end_ofi2___flsub                                  text75       005760
__end_ofi2___fltol                                  text74       003E22
__end_ofi2___xxtofl                                 text73       003970
__initialization                                    cinit        0050FA
__mediumconst                                       mediumconst  000000
__pbssBANK1                                         bssBANK1     000100
__pbssCOMRAM                                        bssCOMRAM    000049
__pcinit                                            cinit        0050FA
__pcstackBANK0                                      cstackBANK0  000080
__pcstackBANK1                                      cstackBANK1  00019B
__pcstackCOMRAM                                     cstackCOMRAM 000001
__pdataBANK0                                        dataBANK0    0000EE
__pdataBANK1                                        dataBANK1    000151
__pdataCOMRAM                                       dataCOMRAM   000031
__pidataBANK0                                       idataBANK0   005A10
__pidataBANK1                                       idataBANK1   0055F4
__pidataCOMRAM                                      idataCOMRAM  0059F8
__pintcode                                          intcode      000008
__pintcode_body                                     intcode_body 004B0A
__psmallconst                                       smallconst   001000
__ptext0                                            text0        004588
__ptext1                                            text1        0057DE
__ptext10                                           text10       00517C
__ptext11                                           text11       0046FE
__ptext12                                           text12       005A36
__ptext13                                           text13       005986
__ptext14                                           text14       005438
__ptext15                                           text15       00584E
__ptext16                                           text16       003F24
__ptext17                                           text17       003072
__ptext18                                           text18       00563E
__ptext19                                           text19       004FF2
__ptext2                                            text2        004BA0
__ptext20                                           text20       005A2E
__ptext21                                           text21       004914
__ptext22                                           text22       00342E
__ptext23                                           text23       004408
__ptext24                                           text24       003970
__ptext25                                           text25       0059A4
__ptext26                                           text26       004008
__ptext27                                           text27       005076
__ptext28                                           text28       002B30
__ptext29                                           text29       004A6E
__ptext3                                            text3        0040EC
__ptext30                                           text30       005816
__ptext31                                           text31       005760
__ptext32                                           text32       003254
__ptext33                                           text33       0049C2
__ptext34                                           text34       005A38
__ptext35                                           text35       005884
__ptext36                                           text36       0047B4
__ptext37                                           text37       0041BA
__ptext38                                           text38       0058BA
__ptext39                                           text39       003E22
__ptext4                                            text4        00527A
__ptext40                                           text40       005946
__ptext41                                           text41       004C32
__ptext42                                           text42       005500
__ptext43                                           text43       005362
__ptext44                                           text44       005552
__ptext45                                           text45       0053CE
__ptext46                                           text46       004280
__ptext47                                           text47       0054A0
__ptext48                                           text48       001F08
__ptext49                                           text49       004CBE
__ptext5                                            text5        0051FE
__ptext50                                           text50       004D48
__ptext51                                           text51       0044C8
__ptext52                                           text52       005688
__ptext53                                           text53       0055A4
__ptext54                                           text54       004DD2
__ptext55                                           text55       003AF6
__ptext56                                           text56       0056D2
__ptext57                                           text57       001586
__ptext58                                           text58       0057A4
__ptext59                                           text59       002368
__ptext6                                            text6        004866
__ptext60                                           text60       002794
__ptext61                                           text61       003604
__ptext62                                           text62       003C14
__ptext64                                           text64       00591A
__ptext65                                           text65       002E78
__ptext66                                           text66       004E5C
__ptext67                                           text67       004EE4
__ptext68                                           text68       004646
__ptext69                                           text69       0059DE
__ptext7                                            text7        0052F4
__ptext70                                           text70       005A22
__ptext71                                           text71       0058EC
__ptext72                                           text72       004344
__ptext73                                           text73       0037BC
__ptext74                                           text74       003D1C
__ptext75                                           text75       00571A
__ptext76                                           text76       001A48
__ptext77                                           text77       0059C2
__ptext78                                           text78       004F6C
__ptext79                                           text79       000000
__ptext8                                            text8        001050
__ptext9                                            text9        005968
__ramtop                                            ramtop       001000
__smallconst                                        smallconst   001000
_abs                                                text35       005884
_ccp1                                               dataBANK1    00018B
_ccp_flag                                           bssCOMRAM    00005C
_dbuf                                               bssBANK1     000100
_flag                                               bssCOMRAM    00005E
_flags                                              bssCOMRAM    00005B
_fputc                                              text33       0049C2
_interrupt_config                                   text12       005A36
_lat_registers                                      dataBANK1    00016B
_main                                               text0        004588
_map                                                text55       003AF6
_map$4587                                           cstackBANK0  0000E0
_memset                                             text38       0058BA
_mode_config                                        text11       0046FE
_port_registers                                     dataBANK1    000161
_prec                                               bssBANK1     00013E
_preload                                            bssCOMRAM    00004F
_putch                                              text34       005A38
_rc_uart                                            dataBANK1    00017F
_rx_Interruptconfig                                 text6        004866
_rx_config                                          text5        0051FE
_sprintf                                            text30       005816
_t2                                                 bssBANK1     00014E
_tris_registers                                     dataBANK1    000175
_vfpfcnvrt                                          text32       003254
_vfprintf                                           text31       005760
_width                                              bssBANK1     00013C
abs@a                                               cstackBANK0  000086
btemp                                               temp         000060
end_of_initialization                               cinit        005172
fputc@c                                             cstackBANK0  000080
fputc@fp                                            cstackBANK0  000082
i2GPIO_VoidSetPinMode@Copy_u8Mode                   cstackCOMRAM 000002
i2GPIO_VoidSetPinMode@Copy_u8Pin                    cstackCOMRAM 000001
i2GPIO_VoidSetPinMode@Copy_u8Port                   cstackCOMRAM 000008
i2LED_voidLedOff@Copy_stLed                         cstackCOMRAM 000009
i2LED_voidLedOn@Copy_stLed                          cstackCOMRAM 000009
i2TIMER3_voidWriteReg@Copy_stTimer                  cstackCOMRAM 000001
i2TIMER3_voidWriteReg@Copy_u16Value                 cstackCOMRAM 000003
i2_GPIO_VoidSetPinMode                              text68       004646
i2_LED_voidLedOff                                   text67       004EE4
i2_LED_voidLedOn                                    text66       004E5C
i2_TIMER3_voidWriteReg                              text77       0059C2
i2___fladd                                          text76       001A48
i2___fladd@a                                        cstackCOMRAM 000005
i2___fladd@aexp                                     cstackCOMRAM 00000E
i2___fladd@b                                        cstackCOMRAM 000001
i2___fladd@bexp                                     cstackCOMRAM 00000F
i2___fladd@grs                                      cstackCOMRAM 000010
i2___fladd@signs                                    cstackCOMRAM 00000D
i2___flsub                                          text75       00571A
i2___flsub@a                                        cstackCOMRAM 000015
i2___flsub@b                                        cstackCOMRAM 000011
i2___fltol                                          text74       003D1C
i2___fltol@exp1                                     cstackCOMRAM 000022
i2___fltol@f1                                       cstackCOMRAM 000019
i2___fltol@sign1                                    cstackCOMRAM 000021
i2___xxtofl                                         text73       0037BC
i2___xxtofl@arg                                     cstackCOMRAM 00000B
i2___xxtofl@exp                                     cstackCOMRAM 00000A
i2___xxtofl@sign                                    cstackCOMRAM 000009
i2___xxtofl@val                                     cstackCOMRAM 000001
int$flags                                           temp         000060
int_func                                            intcode_body 004B0A
interrupt_config@Copy_stTimer                       cstackBANK0  000080
intlevel0                                           text         000000
intlevel1                                           text         000000
intlevel2                                           text         000000
intlevel3                                           text         000000
isa$std                                             (abs)        000001
isa$xinst                                           (abs)        000000
map@finish_1                                        cstackBANK1  0001A3
map@finish_2                                        cstackBANK1  0001AB
map@number                                          cstackBANK1  00019B
map@result                                          cstackBANK0  0000DC
map@start_1                                         cstackBANK1  00019F
map@start_2                                         cstackBANK1  0001A7
memset@c                                            cstackBANK0  000081
memset@dest                                         cstackBANK0  000080
memset@n                                            cstackBANK0  000083
memset@p                                            cstackBANK0  000085
mode_config@Copy_stTimer                            cstackBANK0  000080
rx_Interruptconfig@Copy_stUsart                     cstackBANK0  000080
rx_config@Copy_stUsart                              cstackBANK0  000084
sprintf@ap                                          cstackBANK0  00009D
sprintf@f                                           cstackBANK0  00009E
sprintf@fmt                                         cstackBANK0  00009A
sprintf@s                                           cstackBANK0  000099
stackhi                                             (abs)        000000
stacklo                                             (abs)        000000
start                                               init         00000E
start_initialization                                cinit        0050FA
ttemp5                                              temp         000061
ttemp6                                              temp         000064
ttemp7                                              temp         000068
vfpfcnvrt@ap                                        cstackBANK0  00008C
vfpfcnvrt@c                                         cstackBANK0  000094
vfpfcnvrt@convarg                                   cstackBANK0  000090
vfpfcnvrt@cp                                        cstackBANK0  00008F
vfpfcnvrt@done                                      cstackBANK0  00008E
vfpfcnvrt@fmt                                       cstackBANK0  00008B
vfpfcnvrt@fp                                        cstackBANK0  00008A
vfprintf@ap                                         cstackBANK0  000097
vfprintf@cfmt                                       cstackBANK0  000098
vfprintf@fmt                                        cstackBANK0  000096
vfprintf@fp                                         cstackBANK0  000095
wtemp8                                              temp         000061


MODULE INFORMATION

Module		Function		Class		Link	Load	Size
MCAL/Interrupt/Interrupt_interface.c
		_Interrupt_GLOP_InterruptEnable		CODE           	5A2E	0000	8

MCAL/Interrupt/Interrupt_interface.c estimated size: 8

MCAL/Interrupt/Interrupt_manger.c
		_InterruptManger		CODE           	0008	0000	156

MCAL/Interrupt/Interrupt_manger.c estimated size: 156

C:\Program Files\Microchip\xc8\v2.45\pic\sources\c99\common\flneg.c
		___flneg       		CODE           	57A4	0000	58

C:\Program Files\Microchip\xc8\v2.45\pic\sources\c99\common\flneg.c estimated size: 58

MCAL/USART/USART.c
		_rx_Interruptconfig		CODE           	4866	0000	174
		_BaudRateConfig		CODE           	1050	0000	1334
		_USART_voidAsynchUsartInit		CODE           	527A	0000	122
		_USART_RX_ISR  		CODE           	591A	0000	44
		_Tx_config     		CODE           	52F4	0000	110
		_rx_config     		CODE           	51FE	0000	124
		_USART_u8AsynchReadDataNonBlocking		CODE           	59DE	0000	26

MCAL/USART/USART.c estimated size: 1934

MCAL/GPIO/GPIO_Program.c
		_GPIO_VoidSetPinMode		CODE           	44C8	0000	192
		_GPIO_VoidSetPinDirection		CODE           	4408	0000	192
		_GPIO_VoidSetPortDirection		CODE           	5076	0000	132
		_GPIO_u8ReadPin		CODE           	5688	0000	74

MCAL/GPIO/GPIO_Program.c estimated size: 590

C:\Program Files\Microchip\xc8\v2.45\pic\sources\c99\common\sprcmul.c
		___flmul       		CODE           	2368	0000	1068

C:\Program Files\Microchip\xc8\v2.45\pic\sources\c99\common\sprcmul.c estimated size: 1068

MCAL/CCP/CCP.c
		_CCP_CompareModeConfig		CODE           	3072	0000	482
		_CCP_Modeconfig		CODE           	3F24	0000	228
		_CCP_CaptureModeConfig		CODE           	563E	0000	74
		_CCP1_ISR      		CODE           	58EC	0000	46
		_CCP_voidCompareSetValue		CODE           	4F6C	0000	134
		_CCP_voidInit  		CODE           	584E	0000	54
		_CCP_Interruptconfig		CODE           	4FF2	0000	132

MCAL/CCP/CCP.c estimated size: 1150

C:\Program Files\Microchip\xc8\v2.45\pic\sources\c99\common\sprcdiv.c
		___fldiv       		CODE           	2794	0000	924

C:\Program Files\Microchip\xc8\v2.45\pic\sources\c99\common\sprcdiv.c estimated size: 924

C:\Program Files\Microchip\xc8\v2.45\pic\sources\c99\common\nf_sprintf.c
		_sprintf       		CODE           	5816	0000	56

C:\Program Files\Microchip\xc8\v2.45\pic\sources\c99\common\nf_sprintf.c estimated size: 56

C:\Program Files\Microchip\xc8\v2.45\pic\sources\c99\common\awmod.c
		___awmod       		CODE           	47B4	0000	178

C:\Program Files\Microchip\xc8\v2.45\pic\sources\c99\common\awmod.c estimated size: 178

MCAL/I2C/I2C.c
		_I2C_voidI2CInit		CODE           	3970	0000	390
		_I2C_Read      		CODE           	4BA0	0000	146
		_I2C_SlaveMode_CFG		CODE           	59A4	0000	30
		_I2C_MasterMode_CFG		CODE           	4008	0000	228

MCAL/I2C/I2C.c estimated size: 794

HAL/LCD/LCD_program.c
		_LCD4Bit_voidSendChar		CODE           	5552	0000	82
		_LCD4Bit_voidSendString_Pos		CODE           	5946	0000	34
		_LCD4Bit_voidSendNumber		CODE           	4A6E	0000	156
		_LCD_voidSend4bit		CODE           	4280	0000	196
		_LCD_voidSendEnable_4Bit		CODE           	53CE	0000	106
		_LCD4Bit_voidLCD_Init		CODE           	342E	0000	470
		_LCD4Bit_voidSendCommand		CODE           	5500	0000	82
		_LCD_voidSetCursorPos_4Bit		CODE           	4C32	0000	140
		_LCD4Bit_voidSendString		CODE           	5362	0000	108

HAL/LCD/LCD_program.c estimated size: 1374

C:\Program Files\Microchip\xc8\v2.45\pic\sources\c99\common\putch.c
		_putch         		CODE           	5A38	0000	2

C:\Program Files\Microchip\xc8\v2.45\pic\sources\c99\common\putch.c estimated size: 2

shared
		i2_GPIO_VoidSetPinMode		CODE           	4646	0000	184
		i2___fladd     		CODE           	1A48	0000	1216
		i2_TIMER3_voidWriteReg		CODE           	59C2	0000	28
		i2___fltol     		CODE           	3D1C	0000	262
		__initialization		CODE           	50FA	0000	120
		i2_LED_voidLedOff		CODE           	4EE4	0000	136
		i2___xxtofl    		CODE           	37BC	0000	436
		i2___flsub     		CODE           	571A	0000	70
		i2_LED_voidLedOn		CODE           	4E5C	0000	136

shared estimated size: 2588

C:\Program Files\Microchip\xc8\v2.45\pic\sources\c99\common\xxtofl.c
		___xxtofl      		CODE           	3604	0000	440

C:\Program Files\Microchip\xc8\v2.45\pic\sources\c99\common\xxtofl.c estimated size: 440

C:\Program Files\Microchip\xc8\v2.45\pic\sources\c99\common\abs.c
		_abs           		CODE           	5884	0000	54

C:\Program Files\Microchip\xc8\v2.45\pic\sources\c99\common\abs.c estimated size: 54

HAL/SERVO_MOTOR/SERVO.c
		_map           		CODE           	3AF6	0000	286
		_Servo_ISR     		CODE           	4344	0000	196
		_SERVO_voidSetAngle		CODE           	4DD2	0000	138
		_SERVO_voidServoInit		CODE           	5968	0000	30

HAL/SERVO_MOTOR/SERVO.c estimated size: 650

appliction.c
		_App_printData 		CODE           	2B30	0000	840
		_App_CheckTemp 		CODE           	3E22	0000	258
		_App_CheckRoom 		CODE           	1F08	0000	1120
		_App_CheckDoor 		CODE           	55A4	0000	80
		_I2C_ReceiveStuct		CODE           	57DE	0000	56
		_Application_Init		CODE           	40EC	0000	206
		_APP_u8_Bluetooth_Receive		CODE           	2E78	0000	506
		_App_CheckTV   		CODE           	54A0	0000	96

appliction.c estimated size: 3162

MCAL/TIMER3/TIMER3..c
		_TIMER3_voidInit		CODE           	517C	0000	130
		_mode_config   		CODE           	46FE	0000	182
		_TIMER3_voidWriteReg		CODE           	5986	0000	30
		_RW_mode_config		CODE           	5438	0000	104
		_interrupt_config		CODE           	5A36	0000	2

MCAL/TIMER3/TIMER3..c estimated size: 448

C:\Program Files\Microchip\xc8\v2.45\pic\sources\c99\common\memset.c
		_memset        		CODE           	58BA	0000	50

C:\Program Files\Microchip\xc8\v2.45\pic\sources\c99\common\memset.c estimated size: 50

C:\Program Files\Microchip\xc8\v2.45\pic\sources\c99\common\sprcadd.c
		___flsub       		CODE           	56D2	0000	72
		___fladd       		CODE           	1586	0000	1218

C:\Program Files\Microchip\xc8\v2.45\pic\sources\c99\common\sprcadd.c estimated size: 1290

HAL/LED/LED_program.c
		_LED_voidLedOn 		CODE           	4CBE	0000	138
		_LED_voidLedOff		CODE           	4D48	0000	138
		_LED_voidLedInt		CODE           	4914	0000	174

HAL/LED/LED_program.c estimated size: 450

MCAL/TIMER0/TIMER0.c
		_TIMER0_ISR    		CODE           	5A22	0000	12

MCAL/TIMER0/TIMER0.c estimated size: 12

main.c
		_main          		CODE           	4588	0000	190

main.c estimated size: 190

C:\Program Files\Microchip\xc8\v2.45\pic\sources\c99\common\nf_fputc.c
		_fputc         		CODE           	49C2	0000	172

C:\Program Files\Microchip\xc8\v2.45\pic\sources\c99\common\nf_fputc.c estimated size: 172

C:\Program Files\Microchip\xc8\v2.45\pic\sources\c99\common\doprnt.c
		_vfpfcnvrt     		CODE           	3254	0000	474
		_vfprintf      		CODE           	5760	0000	68

C:\Program Files\Microchip\xc8\v2.45\pic\sources\c99\common\doprnt.c estimated size: 542

C:\Program Files\Microchip\xc8\v2.45\pic\sources\c99\common\awdiv.c
		___awdiv       		CODE           	41BA	0000	198

C:\Program Files\Microchip\xc8\v2.45\pic\sources\c99\common\awdiv.c estimated size: 198

C:\Program Files\Microchip\xc8\v2.45\pic\sources\c99\common\fltol.c
		___fltol       		CODE           	3C14	0000	264

C:\Program Files\Microchip\xc8\v2.45\pic\sources\c99\common\fltol.c estimated size: 264

